     VMA      LMA     Size Align Out     In      Symbol
       0        0 80200000     1 . = 0x80200000
80200000 80200000      206     2 .text
80200000 80200000        e     2         /var/folders/dx/1ls6nd552bsc6ng0p83ftr4w0000gn/T/kernel-23e892.o:(.text.boot)
80200000 80200000        0     1                 
80200000 80200000        0     1                 
80200000 80200000        0     1                 
80200000 80200000        e     1                 boot
8020000e 8020000e        0     1                 
8020000e 8020000e        0     1                 
8020000e 8020000e       52     2         /var/folders/dx/1ls6nd552bsc6ng0p83ftr4w0000gn/T/kernel-23e892.o:(.text)
8020000e 8020000e        0     1                 
8020000e 8020000e        0     1                 
8020000e 8020000e        0     1                 
8020000e 8020000e        6     1                 sbi_call
80200012 80200012        0     1                 
80200014 80200014        0     1                 
80200014 80200014        0     1                 
80200014 80200014        0     1                 
80200014 80200014       14     1                 putchar
80200026 80200026        0     1                 
80200026 80200026        0     1                 
80200028 80200028        0     1                 
80200028 80200028        0     1                 
80200028 80200028        0     1                 
80200028 80200028       38     1                 kernel_main
8020002a 8020002a        0     1                 
80200048 80200048        0     1                 
80200048 80200048        0     1                 
8020005e 8020005e        0     1                 
8020005e 8020005e        0     1                 .LBB2_1
80200060 80200060        0     1                 
80200060 80200060        0     1                 
80200060 80200060      1a6     2         /var/folders/dx/1ls6nd552bsc6ng0p83ftr4w0000gn/T/common-0c9a56.o:(.text)
80200060 80200060        0     1                 
80200060 80200060        0     1                 
80200060 80200060        0     1                 
80200060 80200060      1a6     1                 printf
8020008e 8020008e        0     1                 
802000b6 802000b6        0     1                 .LBB0_1
802000b6 802000b6        0     1                 
802000ba 802000ba        0     1                 .LBB0_2
802000ba 802000ba        0     1                 
802000bc 802000bc        0     1                 .LBB0_3
802000bc 802000bc        0     1                 
802000c0 802000c0        0     1                 
802000c8 802000c8        0     1                 .LBB0_5
802000c8 802000c8        0     1                 
802000ca 802000ca        0     1                 
802000ca 802000ca        0     1                 
802000cc 802000cc        0     1                 
802000ce 802000ce        0     1                 .LBB0_6
802000ce 802000ce        0     1                 
802000d2 802000d2        0     1                 
802000d4 802000d4        0     1                 
802000e4 802000e4        0     1                 
802000e4 802000e4        0     1                 
802000f0 802000f0        0     1                 
802000f0 802000f0        0     1                 
802000f4 802000f4        0     1                 
802000f4 802000f4        0     1                 
802000f6 802000f6        0     1                 
802000fc 802000fc        0     1                 .LBB0_11
802000fc 802000fc        0     1                 
802000fc 802000fc        0     1                 
80200104 80200104        0     1                 
80200104 80200104        0     1                 
8020010e 8020010e        0     1                 
8020010e 8020010e        0     1                 
80200112 80200112        0     1                 
80200112 80200112        0     1                 
80200114 80200114        0     1                 
80200118 80200118        0     1                 
8020011a 8020011a        0     1                 
8020011a 8020011a        0     1                 
80200120 80200120        0     1                 
80200120 80200120        0     1                 
80200122 80200122        0     1                 
80200126 80200126        0     1                 
80200128 80200128        0     1                 
80200128 80200128        0     1                 
8020012e 8020012e        0     1                 
8020012e 8020012e        0     1                 
80200130 80200130        0     1                 
80200134 80200134        0     1                 
80200136 80200136        0     1                 
80200136 80200136        0     1                 
8020013c 8020013c        0     1                 
8020013c 8020013c        0     1                 
8020013e 8020013e        0     1                 
80200142 80200142        0     1                 
80200144 80200144        0     1                 
80200144 80200144        0     1                 
8020014a 8020014a        0     1                 
8020014a 8020014a        0     1                 
8020014c 8020014c        0     1                 
80200150 80200150        0     1                 
80200152 80200152        0     1                 
80200152 80200152        0     1                 
80200158 80200158        0     1                 
80200158 80200158        0     1                 
8020015a 8020015a        0     1                 
8020015e 8020015e        0     1                 
80200160 80200160        0     1                 
80200160 80200160        0     1                 
80200166 80200166        0     1                 
80200166 80200166        0     1                 
80200168 80200168        0     1                 
8020016c 8020016c        0     1                 
8020016e 8020016e        0     1                 
8020016e 8020016e        0     1                 
80200170 80200170        0     1                 
80200170 80200170        0     1                 
80200172 80200172        0     1                 
80200176 80200176        0     1                 
80200176 80200176        0     1                 
80200178 80200178        0     1                 
80200178 80200178        0     1                 
8020017a 8020017a        0     1                 
8020017c 8020017c        0     1                 .LBB0_14
8020017c 8020017c        0     1                 
8020017c 8020017c        0     1                 
80200186 80200186        0     1                 
80200186 80200186        0     1                 
8020018a 8020018a        0     1                 
80200190 80200190        0     1                 
80200190 80200190        0     1                 .LBB0_16
80200190 80200190        0     1                 
80200196 80200196        0     1                 
80200196 80200196        0     1                 
8020019a 8020019a        0     1                 
8020019c 8020019c        0     1                 
802001a0 802001a0        0     1                 .LBB0_17
802001a0 802001a0        0     1                 
802001a0 802001a0        0     1                 
802001a6 802001a6        0     1                 
802001a6 802001a6        0     1                 
802001aa 802001aa        0     1                 
802001aa 802001aa        0     1                 
802001ac 802001ac        0     1                 
802001b0 802001b0        0     1                 .LBB0_18
802001b0 802001b0        0     1                 
802001b2 802001b2        0     1                 
802001b2 802001b2        0     1                 .LBB0_19
802001b2 802001b2        0     1                 
802001b6 802001b6        0     1                 
802001ba 802001ba        0     1                 
802001be 802001be        0     1                 .LBB0_20
802001be 802001be        0     1                 
802001be 802001be        0     1                 
802001c0 802001c0        0     1                 
802001c0 802001c0        0     1                 
802001c4 802001c4        0     1                 
802001c8 802001c8        0     1                 
802001ce 802001ce        0     1                 
802001ce 802001ce        0     1                 
802001dc 802001dc        0     1                 
802001dc 802001dc        0     1                 
802001e2 802001e2        0     1                 .LBB0_21
802001e2 802001e2        0     1                 
802001e2 802001e2        0     1                 
802001e8 802001e8        0     1                 .LBB0_22
802001e8 802001e8        0     1                 
802001e8 802001e8        0     1                 
802001ec 802001ec        0     1                 
80200202 80200202        0     1                 
80200206 80200206        0     1                 
80200206 80200206        0     1                 
80200208 80200208       4c     4 .rodata
80200208 80200208       4c     1         <internal>:(.rodata.str1.1)
80200254 80200254        0     4 .bss
80200254 80200254        0     1         __bss = .
80200254 80200254        0     1         __bss_end = .
80200254 80200254        0     1 . = ALIGN ( 4 )
80200254 80200254    20000     1 . += 128 * 1024
80220254 80220254        0     1 __stack_top = .
       0        0      208     1 .debug_loc
       0        0       6e     1         /var/folders/dx/1ls6nd552bsc6ng0p83ftr4w0000gn/T/kernel-23e892.o:(.debug_loc)
       0        0        0     1                 
      1b       1b        0     1                 
      36       36        0     1                 
      51       51        0     1                 
      6e       6e      19a     1         /var/folders/dx/1ls6nd552bsc6ng0p83ftr4w0000gn/T/common-0c9a56.o:(.debug_loc)
      6e       6e        0     1                 
      8c       8c        0     1                 
      aa       aa        0     1                 
      ed       ed        0     1                 
     16a      16a        0     1                 
     17d      17d        0     1                 
     1dd      1dd        0     1                 
       0        0      279     1 .debug_abbrev
       0        0      18c     1         /var/folders/dx/1ls6nd552bsc6ng0p83ftr4w0000gn/T/kernel-23e892.o:(.debug_abbrev)
     18c      18c       ed     1         /var/folders/dx/1ls6nd552bsc6ng0p83ftr4w0000gn/T/common-0c9a56.o:(.debug_abbrev)
       0        0      4a8     1 .debug_info
       0        0      2f5     1         /var/folders/dx/1ls6nd552bsc6ng0p83ftr4w0000gn/T/kernel-23e892.o:(.debug_info)
     2f5      2f5      1b3     1         /var/folders/dx/1ls6nd552bsc6ng0p83ftr4w0000gn/T/common-0c9a56.o:(.debug_info)
       0        0       30     1 .debug_ranges
       0        0       18     1         /var/folders/dx/1ls6nd552bsc6ng0p83ftr4w0000gn/T/kernel-23e892.o:(.debug_ranges)
       0        0        0     1                 
      18       18       18     1         /var/folders/dx/1ls6nd552bsc6ng0p83ftr4w0000gn/T/common-0c9a56.o:(.debug_ranges)
      18       18        0     1                 
       0        0      17a     1 .debug_str
       0        0      17a     1         <internal>:(.debug_str)
       0        0       3b     1 .comment
       0        0       3b     1         <internal>:(.comment)
       0        0       2b     1 .riscv.attributes
       0        0       2b     1         <internal>:(.riscv.attributes)
       0        0       a0     4 .debug_frame
       0        0       5c     4         /var/folders/dx/1ls6nd552bsc6ng0p83ftr4w0000gn/T/kernel-23e892.o:(.debug_frame)
       0        0        0     1                 
      5c       5c       44     4         /var/folders/dx/1ls6nd552bsc6ng0p83ftr4w0000gn/T/common-0c9a56.o:(.debug_frame)
      5c       5c        0     1                 
       0        0      34e     1 .debug_line
       0        0       d6     1         /var/folders/dx/1ls6nd552bsc6ng0p83ftr4w0000gn/T/kernel-23e892.o:(.debug_line)
       0        0        0     1                 .Lline_table_start0
      d6       d6      278     1         /var/folders/dx/1ls6nd552bsc6ng0p83ftr4w0000gn/T/common-0c9a56.o:(.debug_line)
      d6       d6        0     1                 .Lline_table_start0
       0        0      dc0     4 .symtab
       0        0      dc0     4         <internal>:(.symtab)
       0        0       a0     1 .shstrtab
       0        0       a0     1         <internal>:(.shstrtab)
       0        0       5f     1 .strtab
       0        0       5f     1         <internal>:(.strtab)
