     VMA      LMA     Size Align Out     In      Symbol
       0        0 80200000     1 . = 0x80200000
80200000 80200000      2d6     4 .text
80200000 80200000        e     2         /var/folders/dx/1ls6nd552bsc6ng0p83ftr4w0000gn/T/kernel-3d7129.o:(.text.boot)
80200000 80200000        0     1                 
80200000 80200000        0     1                 
80200000 80200000        0     1                 
80200000 80200000        e     1                 boot
8020000e 8020000e        0     1                 
8020000e 8020000e        0     1                 
80200010 80200010      10c     4         /var/folders/dx/1ls6nd552bsc6ng0p83ftr4w0000gn/T/kernel-3d7129.o:(.text)
80200010 80200010        0     1                 
80200010 80200010        0     1                 
80200010 80200010        0     1                 
80200010 80200010        6     1                 sbi_call
80200014 80200014        0     1                 
80200016 80200016        0     1                 
80200016 80200016        0     1                 
80200016 80200016        0     1                 
80200016 80200016       14     1                 putchar
80200028 80200028        0     1                 
80200028 80200028        0     1                 
8020002c 8020002c        0     1                 
8020002c 8020002c        0     1                 
8020002c 8020002c        0     1                 
8020002c 8020002c       90     1                 kernel_entry
802000bc 802000bc        0     1                 
802000bc 802000bc        0     1                 
802000bc 802000bc        0     1                 
802000bc 802000bc        0     1                 
802000bc 802000bc        0     1                 
802000bc 802000bc       28     1                 handle_trap
802000be 802000be        0     1                 
802000be 802000be        0     1                 
802000c4 802000c4        0     1                 
802000c4 802000c4        0     1                 
802000c8 802000c8        0     1                 
802000c8 802000c8        0     1                 
802000cc 802000cc        0     1                 
802000cc 802000cc        0     1                 
802000d0 802000d0        0     1                 
802000e2 802000e2        0     1                 
802000e2 802000e2        0     1                 .LBB3_1
802000e4 802000e4        0     1                 
802000e4 802000e4        0     1                 
802000e4 802000e4        0     1                 
802000e4 802000e4        0     1                 
802000e4 802000e4        0     1                 
802000e4 802000e4       38     1                 kernel_main
802000e6 802000e6        0     1                 
802000fe 802000fe        0     1                 
802000fe 802000fe        0     1                 
80200108 80200108        0     1                 
80200108 80200108        0     1                 
80200110 80200110        0     1                 
80200114 80200114        0     1                 
80200114 80200114        0     1                 
80200116 80200116        0     1                 
80200118 80200118        0     1                 
8020011c 8020011c        0     1                 
8020011c 8020011c        0     1                 
8020011c 8020011c      1a6     2         /var/folders/dx/1ls6nd552bsc6ng0p83ftr4w0000gn/T/common-040ffd.o:(.text)
8020011c 8020011c        0     1                 
8020011c 8020011c        0     1                 
8020011c 8020011c        0     1                 
8020011c 8020011c      1a6     1                 printf
8020014a 8020014a        0     1                 
80200172 80200172        0     1                 .LBB0_1
80200172 80200172        0     1                 
80200176 80200176        0     1                 .LBB0_2
80200176 80200176        0     1                 
80200178 80200178        0     1                 .LBB0_3
80200178 80200178        0     1                 
8020017c 8020017c        0     1                 
80200184 80200184        0     1                 .LBB0_5
80200184 80200184        0     1                 
80200186 80200186        0     1                 
80200186 80200186        0     1                 
80200188 80200188        0     1                 
8020018a 8020018a        0     1                 .LBB0_6
8020018a 8020018a        0     1                 
8020018e 8020018e        0     1                 
80200190 80200190        0     1                 
802001a0 802001a0        0     1                 
802001a0 802001a0        0     1                 
802001ac 802001ac        0     1                 
802001ac 802001ac        0     1                 
802001b0 802001b0        0     1                 
802001b0 802001b0        0     1                 
802001b2 802001b2        0     1                 
802001b8 802001b8        0     1                 .LBB0_11
802001b8 802001b8        0     1                 
802001b8 802001b8        0     1                 
802001c0 802001c0        0     1                 
802001c0 802001c0        0     1                 
802001ca 802001ca        0     1                 
802001ca 802001ca        0     1                 
802001ce 802001ce        0     1                 
802001ce 802001ce        0     1                 
802001d0 802001d0        0     1                 
802001d4 802001d4        0     1                 
802001d6 802001d6        0     1                 
802001d6 802001d6        0     1                 
802001dc 802001dc        0     1                 
802001dc 802001dc        0     1                 
802001de 802001de        0     1                 
802001e2 802001e2        0     1                 
802001e4 802001e4        0     1                 
802001e4 802001e4        0     1                 
802001ea 802001ea        0     1                 
802001ea 802001ea        0     1                 
802001ec 802001ec        0     1                 
802001f0 802001f0        0     1                 
802001f2 802001f2        0     1                 
802001f2 802001f2        0     1                 
802001f8 802001f8        0     1                 
802001f8 802001f8        0     1                 
802001fa 802001fa        0     1                 
802001fe 802001fe        0     1                 
80200200 80200200        0     1                 
80200200 80200200        0     1                 
80200206 80200206        0     1                 
80200206 80200206        0     1                 
80200208 80200208        0     1                 
8020020c 8020020c        0     1                 
8020020e 8020020e        0     1                 
8020020e 8020020e        0     1                 
80200214 80200214        0     1                 
80200214 80200214        0     1                 
80200216 80200216        0     1                 
8020021a 8020021a        0     1                 
8020021c 8020021c        0     1                 
8020021c 8020021c        0     1                 
80200222 80200222        0     1                 
80200222 80200222        0     1                 
80200224 80200224        0     1                 
80200228 80200228        0     1                 
8020022a 8020022a        0     1                 
8020022a 8020022a        0     1                 
8020022c 8020022c        0     1                 
8020022c 8020022c        0     1                 
8020022e 8020022e        0     1                 
80200232 80200232        0     1                 
80200232 80200232        0     1                 
80200234 80200234        0     1                 
80200234 80200234        0     1                 
80200236 80200236        0     1                 
80200238 80200238        0     1                 .LBB0_14
80200238 80200238        0     1                 
80200238 80200238        0     1                 
80200242 80200242        0     1                 
80200242 80200242        0     1                 
80200246 80200246        0     1                 
8020024c 8020024c        0     1                 
8020024c 8020024c        0     1                 .LBB0_16
8020024c 8020024c        0     1                 
80200252 80200252        0     1                 
80200252 80200252        0     1                 
80200256 80200256        0     1                 
80200258 80200258        0     1                 
8020025c 8020025c        0     1                 .LBB0_17
8020025c 8020025c        0     1                 
8020025c 8020025c        0     1                 
80200262 80200262        0     1                 
80200262 80200262        0     1                 
80200266 80200266        0     1                 
80200266 80200266        0     1                 
80200268 80200268        0     1                 
8020026c 8020026c        0     1                 .LBB0_18
8020026c 8020026c        0     1                 
8020026e 8020026e        0     1                 
8020026e 8020026e        0     1                 .LBB0_19
8020026e 8020026e        0     1                 
80200272 80200272        0     1                 
80200276 80200276        0     1                 
8020027a 8020027a        0     1                 .LBB0_20
8020027a 8020027a        0     1                 
8020027a 8020027a        0     1                 
8020027c 8020027c        0     1                 
8020027c 8020027c        0     1                 
80200280 80200280        0     1                 
80200284 80200284        0     1                 
8020028a 8020028a        0     1                 
8020028a 8020028a        0     1                 
80200298 80200298        0     1                 
80200298 80200298        0     1                 
8020029e 8020029e        0     1                 .LBB0_21
8020029e 8020029e        0     1                 
8020029e 8020029e        0     1                 
802002a4 802002a4        0     1                 .LBB0_22
802002a4 802002a4        0     1                 
802002a4 802002a4        0     1                 
802002a8 802002a8        0     1                 
802002be 802002be        0     1                 
802002c2 802002c2        0     1                 
802002c2 802002c2        0     1                 
802002c2 802002c2       14     2         /var/folders/dx/1ls6nd552bsc6ng0p83ftr4w0000gn/T/memset-f2fdea.o:(.text)
802002c2 802002c2        0     1                 
802002c2 802002c2        0     1                 
802002c2 802002c2        0     1                 
802002c2 802002c2       14     1                 memset
802002c4 802002c4        0     1                 
802002c6 802002c6        0     1                 
802002c6 802002c6        0     1                 .LBB0_2
802002c6 802002c6        0     1                 
802002c8 802002c8        0     1                 
802002cc 802002cc        0     1                 
802002cc 802002cc        0     1                 
802002d0 802002d0        0     1                 
802002d0 802002d0        0     1                 
802002d2 802002d2        0     1                 
802002d2 802002d2        0     1                 
802002d4 802002d4        0     1                 .LBB0_3
802002d4 802002d4        0     1                 
802002d4 802002d4        0     1                 
802002d6 802002d6        0     1                 
802002d6 802002d6        0     1                 
802002d8 802002d8       81     4 .rodata
802002d8 802002d8       81     1         <internal>:(.rodata.str1.1)
8020035c 8020035c        0     4 .bss
8020035c 8020035c        0     1         __bss = .
8020035c 8020035c        0     1         __bss_end = .
8020035c 8020035c        0     1 . = ALIGN ( 4 )
8020035c 8020035c    20000     1 . += 128 * 1024
8022035c 8022035c        0     1 __stack_top = .
       0        0      2f0     1 .debug_loc
       0        0       f5     1         /var/folders/dx/1ls6nd552bsc6ng0p83ftr4w0000gn/T/kernel-3d7129.o:(.debug_loc)
       0        0        0     1                 
      1b       1b        0     1                 
      36       36        0     1                 
      51       51        0     1                 
      6e       6e        0     1                 
      89       89        0     1                 
      a4       a4        0     1                 
      bf       bf        0     1                 
      da       da        0     1                 
      f5       f5      19a     1         /var/folders/dx/1ls6nd552bsc6ng0p83ftr4w0000gn/T/common-040ffd.o:(.debug_loc)
      f5       f5        0     1                 
     113      113        0     1                 
     131      131        0     1                 
     174      174        0     1                 
     1f1      1f1        0     1                 
     204      204        0     1                 
     264      264        0     1                 
     28f      28f       61     1         /var/folders/dx/1ls6nd552bsc6ng0p83ftr4w0000gn/T/memset-f2fdea.o:(.debug_loc)
     28f      28f        0     1                 
     2c3      2c3        0     1                 
       0        0      305     1 .debug_abbrev
       0        0      199     1         /var/folders/dx/1ls6nd552bsc6ng0p83ftr4w0000gn/T/kernel-3d7129.o:(.debug_abbrev)
     199      199       ed     1         /var/folders/dx/1ls6nd552bsc6ng0p83ftr4w0000gn/T/common-040ffd.o:(.debug_abbrev)
     286      286       7f     1         /var/folders/dx/1ls6nd552bsc6ng0p83ftr4w0000gn/T/memset-f2fdea.o:(.debug_abbrev)
       0        0      7ba     1 .debug_info
       0        0      556     1         /var/folders/dx/1ls6nd552bsc6ng0p83ftr4w0000gn/T/kernel-3d7129.o:(.debug_info)
     556      556      1b3     1         /var/folders/dx/1ls6nd552bsc6ng0p83ftr4w0000gn/T/common-040ffd.o:(.debug_info)
     709      709       b1     1         /var/folders/dx/1ls6nd552bsc6ng0p83ftr4w0000gn/T/memset-f2fdea.o:(.debug_info)
       0        0       30     1 .debug_ranges
       0        0       18     1         /var/folders/dx/1ls6nd552bsc6ng0p83ftr4w0000gn/T/kernel-3d7129.o:(.debug_ranges)
       0        0        0     1                 
      18       18       18     1         /var/folders/dx/1ls6nd552bsc6ng0p83ftr4w0000gn/T/common-040ffd.o:(.debug_ranges)
      18       18        0     1                 
       0        0      25c     1 .debug_str
       0        0      25c     1         <internal>:(.debug_str)
       0        0       3b     1 .comment
       0        0       3b     1         <internal>:(.comment)
       0        0       2b     1 .riscv.attributes
       0        0       2b     1         <internal>:(.riscv.attributes)
       0        0       ec     4 .debug_frame
       0        0       84     4         /var/folders/dx/1ls6nd552bsc6ng0p83ftr4w0000gn/T/kernel-3d7129.o:(.debug_frame)
       0        0        0     1                 
      84       84       44     4         /var/folders/dx/1ls6nd552bsc6ng0p83ftr4w0000gn/T/common-040ffd.o:(.debug_frame)
      84       84        0     1                 
      c8       c8       24     4         /var/folders/dx/1ls6nd552bsc6ng0p83ftr4w0000gn/T/memset-f2fdea.o:(.debug_frame)
      c8       c8        0     1                 
       0        0      4a3     1 .debug_line
       0        0      12f     1         /var/folders/dx/1ls6nd552bsc6ng0p83ftr4w0000gn/T/kernel-3d7129.o:(.debug_line)
       0        0        0     1                 .Lline_table_start0
     12f      12f      288     1         /var/folders/dx/1ls6nd552bsc6ng0p83ftr4w0000gn/T/common-040ffd.o:(.debug_line)
     12f      12f        0     1                 .Lline_table_start0
     3b7      3b7       ec     1         /var/folders/dx/1ls6nd552bsc6ng0p83ftr4w0000gn/T/memset-f2fdea.o:(.debug_line)
     3b7      3b7        0     1                 .Lline_table_start0
       0        0     1420     4 .symtab
       0        0     1420     4         <internal>:(.symtab)
       0        0       a0     1 .shstrtab
       0        0       a0     1         <internal>:(.shstrtab)
       0        0       81     1 .strtab
       0        0       81     1         <internal>:(.strtab)
