     VMA      LMA     Size Align Out     In      Symbol
       0        0 80200000     1 . = 0x80200000
80200000 80200000      21c     2 .text
80200000 80200000        e     2         /var/folders/dx/1ls6nd552bsc6ng0p83ftr4w0000gn/T/kernel-d54389.o:(.text.boot)
80200000 80200000        0     1                 
80200000 80200000        0     1                 
80200000 80200000        0     1                 
80200000 80200000        e     1                 boot
8020000e 8020000e        0     1                 
8020000e 8020000e        0     1                 
8020000e 8020000e       68     2         /var/folders/dx/1ls6nd552bsc6ng0p83ftr4w0000gn/T/kernel-d54389.o:(.text)
8020000e 8020000e        0     1                 
8020000e 8020000e        0     1                 
8020000e 8020000e        0     1                 
8020000e 8020000e        6     1                 sbi_call
80200012 80200012        0     1                 
80200014 80200014        0     1                 
80200014 80200014        0     1                 
80200014 80200014        0     1                 
80200014 80200014       14     1                 putchar
80200026 80200026        0     1                 
80200026 80200026        0     1                 
80200028 80200028        0     1                 
80200028 80200028        0     1                 
80200028 80200028        0     1                 
80200028 80200028       4e     1                 kernel_main
8020002a 8020002a        0     1                 
80200040 80200040        0     1                 
80200040 80200040        0     1                 
80200048 80200048        0     1                 
8020004a 8020004a        0     1                 
8020005a 8020005a        0     1                 .LBB2_1
8020005a 8020005a        0     1                 
8020005a 8020005a        0     1                 
8020005e 8020005e        0     1                 
8020005e 8020005e        0     1                 
80200064 80200064        0     1                 
80200064 80200064        0     1                 
80200068 80200068        0     1                 
8020006a 8020006a        0     1                 
8020006c 8020006c        0     1                 
80200070 80200070        0     1                 
80200070 80200070        0     1                 .LBB2_2
80200070 80200070        0     1                 
80200074 80200074        0     1                 
80200076 80200076        0     1                 
80200076 80200076        0     1                 
80200076 80200076      1a6     2         /var/folders/dx/1ls6nd552bsc6ng0p83ftr4w0000gn/T/common-558574.o:(.text)
80200076 80200076        0     1                 
80200076 80200076        0     1                 
80200076 80200076        0     1                 
80200076 80200076      1a6     1                 printf
802000a4 802000a4        0     1                 
802000cc 802000cc        0     1                 .LBB0_1
802000cc 802000cc        0     1                 
802000d0 802000d0        0     1                 .LBB0_2
802000d0 802000d0        0     1                 
802000d2 802000d2        0     1                 .LBB0_3
802000d2 802000d2        0     1                 
802000d6 802000d6        0     1                 
802000de 802000de        0     1                 .LBB0_5
802000de 802000de        0     1                 
802000e0 802000e0        0     1                 
802000e0 802000e0        0     1                 
802000e2 802000e2        0     1                 
802000e4 802000e4        0     1                 .LBB0_6
802000e4 802000e4        0     1                 
802000e8 802000e8        0     1                 
802000ea 802000ea        0     1                 
802000fa 802000fa        0     1                 
802000fa 802000fa        0     1                 
80200106 80200106        0     1                 
80200106 80200106        0     1                 
8020010a 8020010a        0     1                 
8020010a 8020010a        0     1                 
8020010c 8020010c        0     1                 
80200112 80200112        0     1                 .LBB0_11
80200112 80200112        0     1                 
80200112 80200112        0     1                 
8020011a 8020011a        0     1                 
8020011a 8020011a        0     1                 
80200124 80200124        0     1                 
80200124 80200124        0     1                 
80200128 80200128        0     1                 
80200128 80200128        0     1                 
8020012a 8020012a        0     1                 
8020012e 8020012e        0     1                 
80200130 80200130        0     1                 
80200130 80200130        0     1                 
80200136 80200136        0     1                 
80200136 80200136        0     1                 
80200138 80200138        0     1                 
8020013c 8020013c        0     1                 
8020013e 8020013e        0     1                 
8020013e 8020013e        0     1                 
80200144 80200144        0     1                 
80200144 80200144        0     1                 
80200146 80200146        0     1                 
8020014a 8020014a        0     1                 
8020014c 8020014c        0     1                 
8020014c 8020014c        0     1                 
80200152 80200152        0     1                 
80200152 80200152        0     1                 
80200154 80200154        0     1                 
80200158 80200158        0     1                 
8020015a 8020015a        0     1                 
8020015a 8020015a        0     1                 
80200160 80200160        0     1                 
80200160 80200160        0     1                 
80200162 80200162        0     1                 
80200166 80200166        0     1                 
80200168 80200168        0     1                 
80200168 80200168        0     1                 
8020016e 8020016e        0     1                 
8020016e 8020016e        0     1                 
80200170 80200170        0     1                 
80200174 80200174        0     1                 
80200176 80200176        0     1                 
80200176 80200176        0     1                 
8020017c 8020017c        0     1                 
8020017c 8020017c        0     1                 
8020017e 8020017e        0     1                 
80200182 80200182        0     1                 
80200184 80200184        0     1                 
80200184 80200184        0     1                 
80200186 80200186        0     1                 
80200186 80200186        0     1                 
80200188 80200188        0     1                 
8020018c 8020018c        0     1                 
8020018c 8020018c        0     1                 
8020018e 8020018e        0     1                 
8020018e 8020018e        0     1                 
80200190 80200190        0     1                 
80200192 80200192        0     1                 .LBB0_14
80200192 80200192        0     1                 
80200192 80200192        0     1                 
8020019c 8020019c        0     1                 
8020019c 8020019c        0     1                 
802001a0 802001a0        0     1                 
802001a6 802001a6        0     1                 
802001a6 802001a6        0     1                 .LBB0_16
802001a6 802001a6        0     1                 
802001ac 802001ac        0     1                 
802001ac 802001ac        0     1                 
802001b0 802001b0        0     1                 
802001b2 802001b2        0     1                 
802001b6 802001b6        0     1                 .LBB0_17
802001b6 802001b6        0     1                 
802001b6 802001b6        0     1                 
802001bc 802001bc        0     1                 
802001bc 802001bc        0     1                 
802001c0 802001c0        0     1                 
802001c0 802001c0        0     1                 
802001c2 802001c2        0     1                 
802001c6 802001c6        0     1                 .LBB0_18
802001c6 802001c6        0     1                 
802001c8 802001c8        0     1                 
802001c8 802001c8        0     1                 .LBB0_19
802001c8 802001c8        0     1                 
802001cc 802001cc        0     1                 
802001d0 802001d0        0     1                 
802001d4 802001d4        0     1                 .LBB0_20
802001d4 802001d4        0     1                 
802001d4 802001d4        0     1                 
802001d6 802001d6        0     1                 
802001d6 802001d6        0     1                 
802001da 802001da        0     1                 
802001de 802001de        0     1                 
802001e4 802001e4        0     1                 
802001e4 802001e4        0     1                 
802001f2 802001f2        0     1                 
802001f2 802001f2        0     1                 
802001f8 802001f8        0     1                 .LBB0_21
802001f8 802001f8        0     1                 
802001f8 802001f8        0     1                 
802001fe 802001fe        0     1                 .LBB0_22
802001fe 802001fe        0     1                 
802001fe 802001fe        0     1                 
80200202 80200202        0     1                 
80200218 80200218        0     1                 
8020021c 8020021c        0     1                 
8020021c 8020021c        0     1                 
8020021c 8020021c       31     4 .rodata
8020021c 8020021c       31     1         <internal>:(.rodata.str1.1)
80200250 80200250        0     4 .bss
80200250 80200250        0     1         __bss = .
80200250 80200250        0     1         __bss_end = .
80200250 80200250        0     1 . = ALIGN ( 4 )
80200250 80200250    20000     1 . += 128 * 1024
80220250 80220250        0     1 __stack_top = .
       0        0      294     1 .debug_loc
       0        0       fa     1         /var/folders/dx/1ls6nd552bsc6ng0p83ftr4w0000gn/T/kernel-d54389.o:(.debug_loc)
       0        0        0     1                 
      1b       1b        0     1                 
      36       36        0     1                 
      51       51        0     1                 
      6e       6e        0     1                 
      89       89        0     1                 
      c2       c2        0     1                 
      dd       dd        0     1                 
      fa       fa      19a     1         /var/folders/dx/1ls6nd552bsc6ng0p83ftr4w0000gn/T/common-558574.o:(.debug_loc)
      fa       fa        0     1                 
     118      118        0     1                 
     136      136        0     1                 
     179      179        0     1                 
     1f6      1f6        0     1                 
     209      209        0     1                 
     269      269        0     1                 
       0        0      263     1 .debug_abbrev
       0        0      176     1         /var/folders/dx/1ls6nd552bsc6ng0p83ftr4w0000gn/T/kernel-d54389.o:(.debug_abbrev)
     176      176       ed     1         /var/folders/dx/1ls6nd552bsc6ng0p83ftr4w0000gn/T/common-558574.o:(.debug_abbrev)
       0        0      51d     1 .debug_info
       0        0      36a     1         /var/folders/dx/1ls6nd552bsc6ng0p83ftr4w0000gn/T/kernel-d54389.o:(.debug_info)
     36a      36a      1b3     1         /var/folders/dx/1ls6nd552bsc6ng0p83ftr4w0000gn/T/common-558574.o:(.debug_info)
       0        0       30     1 .debug_ranges
       0        0       18     1         /var/folders/dx/1ls6nd552bsc6ng0p83ftr4w0000gn/T/kernel-d54389.o:(.debug_ranges)
       0        0        0     1                 
      18       18       18     1         /var/folders/dx/1ls6nd552bsc6ng0p83ftr4w0000gn/T/common-558574.o:(.debug_ranges)
      18       18        0     1                 
       0        0      15d     1 .debug_str
       0        0      15d     1         <internal>:(.debug_str)
       0        0       3b     1 .comment
       0        0       3b     1         <internal>:(.comment)
       0        0       2b     1 .riscv.attributes
       0        0       2b     1         <internal>:(.riscv.attributes)
       0        0       a0     4 .debug_frame
       0        0       5c     4         /var/folders/dx/1ls6nd552bsc6ng0p83ftr4w0000gn/T/kernel-d54389.o:(.debug_frame)
       0        0        0     1                 
      5c       5c       44     4         /var/folders/dx/1ls6nd552bsc6ng0p83ftr4w0000gn/T/common-558574.o:(.debug_frame)
      5c       5c        0     1                 
       0        0      38d     1 .debug_line
       0        0      115     1         /var/folders/dx/1ls6nd552bsc6ng0p83ftr4w0000gn/T/kernel-d54389.o:(.debug_line)
       0        0        0     1                 .Lline_table_start0
     115      115      278     1         /var/folders/dx/1ls6nd552bsc6ng0p83ftr4w0000gn/T/common-558574.o:(.debug_line)
     115      115        0     1                 .Lline_table_start0
       0        0      ec0     4 .symtab
       0        0      ec0     4         <internal>:(.symtab)
       0        0       a0     1 .shstrtab
       0        0       a0     1         <internal>:(.shstrtab)
       0        0       58     1 .strtab
       0        0       58     1         <internal>:(.strtab)
