     VMA      LMA     Size Align Out     In      Symbol
       0        0 80200000     1 . = 0x80200000
80200000 80200000      2d2     4 .text
80200000 80200000        e     2         /var/folders/dx/1ls6nd552bsc6ng0p83ftr4w0000gn/T/kernel-815695.o:(.text.boot)
80200000 80200000        0     1                 
80200000 80200000        0     1                 
80200000 80200000        0     1                 
80200000 80200000        e     1                 boot
8020000e 8020000e        0     1                 
8020000e 8020000e        0     1                 
80200010 80200010      108     4         /var/folders/dx/1ls6nd552bsc6ng0p83ftr4w0000gn/T/kernel-815695.o:(.text)
80200010 80200010        0     1                 
80200010 80200010        0     1                 
80200010 80200010        0     1                 
80200010 80200010        6     1                 sbi_call
80200014 80200014        0     1                 
80200016 80200016        0     1                 
80200016 80200016        0     1                 
80200016 80200016        0     1                 
80200016 80200016       14     1                 putchar
80200028 80200028        0     1                 
80200028 80200028        0     1                 
8020002c 8020002c        0     1                 
8020002c 8020002c        0     1                 
8020002c 8020002c        0     1                 
8020002c 8020002c       8c     1                 kernel_entry
80200070 80200070        0     1                 
80200074 80200074        0     1                 
80200078 80200078        0     1                 
802000b4 802000b4        0     1                 
802000b8 802000b8        0     1                 
802000b8 802000b8        0     1                 
802000b8 802000b8        0     1                 
802000b8 802000b8        0     1                 
802000b8 802000b8        0     1                 
802000b8 802000b8       28     1                 handle_trap
802000ba 802000ba        0     1                 
802000ba 802000ba        0     1                 
802000c0 802000c0        0     1                 
802000c0 802000c0        0     1                 
802000c4 802000c4        0     1                 
802000c4 802000c4        0     1                 
802000c8 802000c8        0     1                 
802000c8 802000c8        0     1                 
802000cc 802000cc        0     1                 
802000de 802000de        0     1                 
802000de 802000de        0     1                 .LBB3_1
802000e0 802000e0        0     1                 
802000e0 802000e0        0     1                 
802000e0 802000e0        0     1                 
802000e0 802000e0        0     1                 
802000e0 802000e0        0     1                 
802000e0 802000e0       38     1                 kernel_main
802000e2 802000e2        0     1                 
802000fa 802000fa        0     1                 
802000fa 802000fa        0     1                 
80200104 80200104        0     1                 
80200104 80200104        0     1                 
8020010c 8020010c        0     1                 
80200110 80200110        0     1                 
80200110 80200110        0     1                 
80200112 80200112        0     1                 
80200114 80200114        0     1                 
80200118 80200118        0     1                 
80200118 80200118        0     1                 
80200118 80200118      1a6     2         /var/folders/dx/1ls6nd552bsc6ng0p83ftr4w0000gn/T/common-dfc400.o:(.text)
80200118 80200118        0     1                 
80200118 80200118        0     1                 
80200118 80200118        0     1                 
80200118 80200118      1a6     1                 printf
80200146 80200146        0     1                 
8020016e 8020016e        0     1                 .LBB0_1
8020016e 8020016e        0     1                 
80200172 80200172        0     1                 .LBB0_2
80200172 80200172        0     1                 
80200174 80200174        0     1                 .LBB0_3
80200174 80200174        0     1                 
80200178 80200178        0     1                 
80200180 80200180        0     1                 .LBB0_5
80200180 80200180        0     1                 
80200182 80200182        0     1                 
80200182 80200182        0     1                 
80200184 80200184        0     1                 
80200186 80200186        0     1                 .LBB0_6
80200186 80200186        0     1                 
8020018a 8020018a        0     1                 
8020018c 8020018c        0     1                 
8020019c 8020019c        0     1                 
8020019c 8020019c        0     1                 
802001a8 802001a8        0     1                 
802001a8 802001a8        0     1                 
802001ac 802001ac        0     1                 
802001ac 802001ac        0     1                 
802001ae 802001ae        0     1                 
802001b4 802001b4        0     1                 .LBB0_11
802001b4 802001b4        0     1                 
802001b4 802001b4        0     1                 
802001bc 802001bc        0     1                 
802001bc 802001bc        0     1                 
802001c6 802001c6        0     1                 
802001c6 802001c6        0     1                 
802001ca 802001ca        0     1                 
802001ca 802001ca        0     1                 
802001cc 802001cc        0     1                 
802001d0 802001d0        0     1                 
802001d2 802001d2        0     1                 
802001d2 802001d2        0     1                 
802001d8 802001d8        0     1                 
802001d8 802001d8        0     1                 
802001da 802001da        0     1                 
802001de 802001de        0     1                 
802001e0 802001e0        0     1                 
802001e0 802001e0        0     1                 
802001e6 802001e6        0     1                 
802001e6 802001e6        0     1                 
802001e8 802001e8        0     1                 
802001ec 802001ec        0     1                 
802001ee 802001ee        0     1                 
802001ee 802001ee        0     1                 
802001f4 802001f4        0     1                 
802001f4 802001f4        0     1                 
802001f6 802001f6        0     1                 
802001fa 802001fa        0     1                 
802001fc 802001fc        0     1                 
802001fc 802001fc        0     1                 
80200202 80200202        0     1                 
80200202 80200202        0     1                 
80200204 80200204        0     1                 
80200208 80200208        0     1                 
8020020a 8020020a        0     1                 
8020020a 8020020a        0     1                 
80200210 80200210        0     1                 
80200210 80200210        0     1                 
80200212 80200212        0     1                 
80200216 80200216        0     1                 
80200218 80200218        0     1                 
80200218 80200218        0     1                 
8020021e 8020021e        0     1                 
8020021e 8020021e        0     1                 
80200220 80200220        0     1                 
80200224 80200224        0     1                 
80200226 80200226        0     1                 
80200226 80200226        0     1                 
80200228 80200228        0     1                 
80200228 80200228        0     1                 
8020022a 8020022a        0     1                 
8020022e 8020022e        0     1                 
8020022e 8020022e        0     1                 
80200230 80200230        0     1                 
80200230 80200230        0     1                 
80200232 80200232        0     1                 
80200234 80200234        0     1                 .LBB0_14
80200234 80200234        0     1                 
80200234 80200234        0     1                 
8020023e 8020023e        0     1                 
8020023e 8020023e        0     1                 
80200242 80200242        0     1                 
80200248 80200248        0     1                 
80200248 80200248        0     1                 .LBB0_16
80200248 80200248        0     1                 
8020024e 8020024e        0     1                 
8020024e 8020024e        0     1                 
80200252 80200252        0     1                 
80200254 80200254        0     1                 
80200258 80200258        0     1                 .LBB0_17
80200258 80200258        0     1                 
80200258 80200258        0     1                 
8020025e 8020025e        0     1                 
8020025e 8020025e        0     1                 
80200262 80200262        0     1                 
80200262 80200262        0     1                 
80200264 80200264        0     1                 
80200268 80200268        0     1                 .LBB0_18
80200268 80200268        0     1                 
8020026a 8020026a        0     1                 
8020026a 8020026a        0     1                 .LBB0_19
8020026a 8020026a        0     1                 
8020026e 8020026e        0     1                 
80200272 80200272        0     1                 
80200276 80200276        0     1                 .LBB0_20
80200276 80200276        0     1                 
80200276 80200276        0     1                 
80200278 80200278        0     1                 
80200278 80200278        0     1                 
8020027c 8020027c        0     1                 
80200280 80200280        0     1                 
80200286 80200286        0     1                 
80200286 80200286        0     1                 
80200294 80200294        0     1                 
80200294 80200294        0     1                 
8020029a 8020029a        0     1                 .LBB0_21
8020029a 8020029a        0     1                 
8020029a 8020029a        0     1                 
802002a0 802002a0        0     1                 .LBB0_22
802002a0 802002a0        0     1                 
802002a0 802002a0        0     1                 
802002a4 802002a4        0     1                 
802002ba 802002ba        0     1                 
802002be 802002be        0     1                 
802002be 802002be        0     1                 
802002be 802002be       14     2         /var/folders/dx/1ls6nd552bsc6ng0p83ftr4w0000gn/T/memset-6f75f1.o:(.text)
802002be 802002be        0     1                 
802002be 802002be        0     1                 
802002be 802002be        0     1                 
802002be 802002be       14     1                 memset
802002c0 802002c0        0     1                 
802002c2 802002c2        0     1                 
802002c2 802002c2        0     1                 .LBB0_2
802002c2 802002c2        0     1                 
802002c4 802002c4        0     1                 
802002c8 802002c8        0     1                 
802002c8 802002c8        0     1                 
802002cc 802002cc        0     1                 
802002cc 802002cc        0     1                 
802002ce 802002ce        0     1                 
802002ce 802002ce        0     1                 
802002d0 802002d0        0     1                 .LBB0_3
802002d0 802002d0        0     1                 
802002d0 802002d0        0     1                 
802002d2 802002d2        0     1                 
802002d2 802002d2        0     1                 
802002d4 802002d4       81     4 .rodata
802002d4 802002d4       81     1         <internal>:(.rodata.str1.1)
80200358 80200358        0     4 .bss
80200358 80200358        0     1         __bss = .
80200358 80200358        0     1         __bss_end = .
80200358 80200358        0     1 . = ALIGN ( 4 )
80200358 80200358    20000     1 . += 128 * 1024
80220358 80220358        0     1 __stack_top = .
       0        0      2f0     1 .debug_loc
       0        0       f5     1         /var/folders/dx/1ls6nd552bsc6ng0p83ftr4w0000gn/T/kernel-815695.o:(.debug_loc)
       0        0        0     1                 
      1b       1b        0     1                 
      36       36        0     1                 
      51       51        0     1                 
      6e       6e        0     1                 
      89       89        0     1                 
      a4       a4        0     1                 
      bf       bf        0     1                 
      da       da        0     1                 
      f5       f5      19a     1         /var/folders/dx/1ls6nd552bsc6ng0p83ftr4w0000gn/T/common-dfc400.o:(.debug_loc)
      f5       f5        0     1                 
     113      113        0     1                 
     131      131        0     1                 
     174      174        0     1                 
     1f1      1f1        0     1                 
     204      204        0     1                 
     264      264        0     1                 
     28f      28f       61     1         /var/folders/dx/1ls6nd552bsc6ng0p83ftr4w0000gn/T/memset-6f75f1.o:(.debug_loc)
     28f      28f        0     1                 
     2c3      2c3        0     1                 
       0        0      305     1 .debug_abbrev
       0        0      199     1         /var/folders/dx/1ls6nd552bsc6ng0p83ftr4w0000gn/T/kernel-815695.o:(.debug_abbrev)
     199      199       ed     1         /var/folders/dx/1ls6nd552bsc6ng0p83ftr4w0000gn/T/common-dfc400.o:(.debug_abbrev)
     286      286       7f     1         /var/folders/dx/1ls6nd552bsc6ng0p83ftr4w0000gn/T/memset-6f75f1.o:(.debug_abbrev)
       0        0      7ba     1 .debug_info
       0        0      556     1         /var/folders/dx/1ls6nd552bsc6ng0p83ftr4w0000gn/T/kernel-815695.o:(.debug_info)
     556      556      1b3     1         /var/folders/dx/1ls6nd552bsc6ng0p83ftr4w0000gn/T/common-dfc400.o:(.debug_info)
     709      709       b1     1         /var/folders/dx/1ls6nd552bsc6ng0p83ftr4w0000gn/T/memset-6f75f1.o:(.debug_info)
       0        0       30     1 .debug_ranges
       0        0       18     1         /var/folders/dx/1ls6nd552bsc6ng0p83ftr4w0000gn/T/kernel-815695.o:(.debug_ranges)
       0        0        0     1                 
      18       18       18     1         /var/folders/dx/1ls6nd552bsc6ng0p83ftr4w0000gn/T/common-dfc400.o:(.debug_ranges)
      18       18        0     1                 
       0        0      25c     1 .debug_str
       0        0      25c     1         <internal>:(.debug_str)
       0        0       3b     1 .comment
       0        0       3b     1         <internal>:(.comment)
       0        0       2b     1 .riscv.attributes
       0        0       2b     1         <internal>:(.riscv.attributes)
       0        0       ec     4 .debug_frame
       0        0       84     4         /var/folders/dx/1ls6nd552bsc6ng0p83ftr4w0000gn/T/kernel-815695.o:(.debug_frame)
       0        0        0     1                 
      84       84       44     4         /var/folders/dx/1ls6nd552bsc6ng0p83ftr4w0000gn/T/common-dfc400.o:(.debug_frame)
      84       84        0     1                 
      c8       c8       24     4         /var/folders/dx/1ls6nd552bsc6ng0p83ftr4w0000gn/T/memset-6f75f1.o:(.debug_frame)
      c8       c8        0     1                 
       0        0      4ba     1 .debug_line
       0        0      146     1         /var/folders/dx/1ls6nd552bsc6ng0p83ftr4w0000gn/T/kernel-815695.o:(.debug_line)
       0        0        0     1                 .Lline_table_start0
     146      146      288     1         /var/folders/dx/1ls6nd552bsc6ng0p83ftr4w0000gn/T/common-dfc400.o:(.debug_line)
     146      146        0     1                 .Lline_table_start0
     3ce      3ce       ec     1         /var/folders/dx/1ls6nd552bsc6ng0p83ftr4w0000gn/T/memset-6f75f1.o:(.debug_line)
     3ce      3ce        0     1                 .Lline_table_start0
       0        0     1460     4 .symtab
       0        0     1460     4         <internal>:(.symtab)
       0        0       a0     1 .shstrtab
       0        0       a0     1         <internal>:(.shstrtab)
       0        0       81     1 .strtab
       0        0       81     1         <internal>:(.strtab)
