     VMA      LMA     Size Align Out     In      Symbol
       0        0 80200000     1 . = 0x80200000
80200000 80200000      37e     4 .text
80200000 80200000        e     2         /var/folders/dx/1ls6nd552bsc6ng0p83ftr4w0000gn/T/kernel-b51cba.o:(.text.boot)
80200000 80200000        0     1                 
80200000 80200000        0     1                 
80200000 80200000        0     1                 
80200000 80200000        e     1                 boot
8020000e 8020000e        0     1                 
8020000e 8020000e        0     1                 
80200010 80200010      108     4         /var/folders/dx/1ls6nd552bsc6ng0p83ftr4w0000gn/T/kernel-b51cba.o:(.text)
80200010 80200010        0     1                 
80200010 80200010        0     1                 
80200010 80200010        0     1                 
80200010 80200010        6     1                 sbi_call
80200014 80200014        0     1                 
80200016 80200016        0     1                 
80200016 80200016        0     1                 
80200016 80200016        0     1                 
80200016 80200016       14     1                 putchar
80200028 80200028        0     1                 
80200028 80200028        0     1                 
8020002c 8020002c        0     1                 
8020002c 8020002c        0     1                 
8020002c 8020002c        0     1                 
8020002c 8020002c       8c     1                 kernel_entry
80200070 80200070        0     1                 
80200074 80200074        0     1                 
80200078 80200078        0     1                 
802000b4 802000b4        0     1                 
802000b8 802000b8        0     1                 
802000b8 802000b8        0     1                 
802000b8 802000b8        0     1                 
802000b8 802000b8        0     1                 
802000b8 802000b8        0     1                 
802000b8 802000b8       28     1                 handle_trap
802000ba 802000ba        0     1                 
802000ba 802000ba        0     1                 
802000c0 802000c0        0     1                 
802000c0 802000c0        0     1                 
802000c4 802000c4        0     1                 
802000c4 802000c4        0     1                 
802000c8 802000c8        0     1                 
802000c8 802000c8        0     1                 
802000cc 802000cc        0     1                 
802000de 802000de        0     1                 
802000de 802000de        0     1                 .LBB3_1
802000e0 802000e0        0     1                 
802000e0 802000e0        0     1                 
802000e0 802000e0        0     1                 
802000e0 802000e0        0     1                 
802000e0 802000e0        0     1                 
802000e0 802000e0       38     1                 kernel_main
802000e2 802000e2        0     1                 
802000fa 802000fa        0     1                 
802000fa 802000fa        0     1                 
80200104 80200104        0     1                 
80200104 80200104        0     1                 
8020010c 8020010c        0     1                 
80200110 80200110        0     1                 
80200110 80200110        0     1                 
80200112 80200112        0     1                 
80200114 80200114        0     1                 
80200118 80200118        0     1                 
80200118 80200118        0     1                 
80200118 80200118      1a6     2         /var/folders/dx/1ls6nd552bsc6ng0p83ftr4w0000gn/T/printf-252373.o:(.text)
80200118 80200118        0     1                 
80200118 80200118        0     1                 
80200118 80200118        0     1                 
80200118 80200118      1a6     1                 printf
80200146 80200146        0     1                 
8020016e 8020016e        0     1                 .LBB0_1
8020016e 8020016e        0     1                 
80200172 80200172        0     1                 .LBB0_2
80200172 80200172        0     1                 
80200174 80200174        0     1                 .LBB0_3
80200174 80200174        0     1                 
80200178 80200178        0     1                 
80200180 80200180        0     1                 .LBB0_5
80200180 80200180        0     1                 
80200182 80200182        0     1                 
80200182 80200182        0     1                 
80200184 80200184        0     1                 
80200186 80200186        0     1                 .LBB0_6
80200186 80200186        0     1                 
8020018a 8020018a        0     1                 
8020018c 8020018c        0     1                 
8020019c 8020019c        0     1                 
8020019c 8020019c        0     1                 
802001a8 802001a8        0     1                 
802001a8 802001a8        0     1                 
802001ac 802001ac        0     1                 
802001ac 802001ac        0     1                 
802001ae 802001ae        0     1                 
802001b4 802001b4        0     1                 .LBB0_11
802001b4 802001b4        0     1                 
802001b4 802001b4        0     1                 
802001bc 802001bc        0     1                 
802001bc 802001bc        0     1                 
802001c6 802001c6        0     1                 
802001c6 802001c6        0     1                 
802001ca 802001ca        0     1                 
802001ca 802001ca        0     1                 
802001cc 802001cc        0     1                 
802001d0 802001d0        0     1                 
802001d2 802001d2        0     1                 
802001d2 802001d2        0     1                 
802001d8 802001d8        0     1                 
802001d8 802001d8        0     1                 
802001da 802001da        0     1                 
802001de 802001de        0     1                 
802001e0 802001e0        0     1                 
802001e0 802001e0        0     1                 
802001e6 802001e6        0     1                 
802001e6 802001e6        0     1                 
802001e8 802001e8        0     1                 
802001ec 802001ec        0     1                 
802001ee 802001ee        0     1                 
802001ee 802001ee        0     1                 
802001f4 802001f4        0     1                 
802001f4 802001f4        0     1                 
802001f6 802001f6        0     1                 
802001fa 802001fa        0     1                 
802001fc 802001fc        0     1                 
802001fc 802001fc        0     1                 
80200202 80200202        0     1                 
80200202 80200202        0     1                 
80200204 80200204        0     1                 
80200208 80200208        0     1                 
8020020a 8020020a        0     1                 
8020020a 8020020a        0     1                 
80200210 80200210        0     1                 
80200210 80200210        0     1                 
80200212 80200212        0     1                 
80200216 80200216        0     1                 
80200218 80200218        0     1                 
80200218 80200218        0     1                 
8020021e 8020021e        0     1                 
8020021e 8020021e        0     1                 
80200220 80200220        0     1                 
80200224 80200224        0     1                 
80200226 80200226        0     1                 
80200226 80200226        0     1                 
80200228 80200228        0     1                 
80200228 80200228        0     1                 
8020022a 8020022a        0     1                 
8020022e 8020022e        0     1                 
8020022e 8020022e        0     1                 
80200230 80200230        0     1                 
80200230 80200230        0     1                 
80200232 80200232        0     1                 
80200234 80200234        0     1                 .LBB0_14
80200234 80200234        0     1                 
80200234 80200234        0     1                 
8020023e 8020023e        0     1                 
8020023e 8020023e        0     1                 
80200242 80200242        0     1                 
80200248 80200248        0     1                 
80200248 80200248        0     1                 .LBB0_16
80200248 80200248        0     1                 
8020024e 8020024e        0     1                 
8020024e 8020024e        0     1                 
80200252 80200252        0     1                 
80200254 80200254        0     1                 
80200258 80200258        0     1                 .LBB0_17
80200258 80200258        0     1                 
80200258 80200258        0     1                 
8020025e 8020025e        0     1                 
8020025e 8020025e        0     1                 
80200262 80200262        0     1                 
80200262 80200262        0     1                 
80200264 80200264        0     1                 
80200268 80200268        0     1                 .LBB0_18
80200268 80200268        0     1                 
8020026a 8020026a        0     1                 
8020026a 8020026a        0     1                 .LBB0_19
8020026a 8020026a        0     1                 
8020026e 8020026e        0     1                 
80200272 80200272        0     1                 
80200276 80200276        0     1                 .LBB0_20
80200276 80200276        0     1                 
80200276 80200276        0     1                 
80200278 80200278        0     1                 
80200278 80200278        0     1                 
8020027c 8020027c        0     1                 
80200280 80200280        0     1                 
80200286 80200286        0     1                 
80200286 80200286        0     1                 
80200294 80200294        0     1                 
80200294 80200294        0     1                 
8020029a 8020029a        0     1                 .LBB0_21
8020029a 8020029a        0     1                 
8020029a 8020029a        0     1                 
802002a0 802002a0        0     1                 .LBB0_22
802002a0 802002a0        0     1                 
802002a0 802002a0        0     1                 
802002a4 802002a4        0     1                 
802002ba 802002ba        0     1                 
802002be 802002be        0     1                 
802002be 802002be        0     1                 
802002be 802002be       24     2         /var/folders/dx/1ls6nd552bsc6ng0p83ftr4w0000gn/T/strcp-78b260.o:(.text)
802002be 802002be        0     1                 
802002be 802002be        0     1                 
802002be 802002be        0     1                 
802002be 802002be       24     1                 strcpy
802002c4 802002c4        0     1                 
802002c8 802002c8        0     1                 
802002c8 802002c8        0     1                 
802002ca 802002ca        0     1                 
802002ca 802002ca        0     1                 .LBB0_2
802002ca 802002ca        0     1                 
802002ce 802002ce        0     1                 
802002d2 802002d2        0     1                 
802002d6 802002d6        0     1                 
802002d6 802002d6        0     1                 
802002d8 802002d8        0     1                 
802002d8 802002d8        0     1                 
802002da 802002da        0     1                 
802002dc 802002dc        0     1                 .LBB0_3
802002dc 802002dc        0     1                 
802002dc 802002dc        0     1                 
802002e0 802002e0        0     1                 
802002e2 802002e2        0     1                 
802002e2 802002e2        0     1                 
802002e2 802002e2       14     2         /var/folders/dx/1ls6nd552bsc6ng0p83ftr4w0000gn/T/memset-c5fe2f.o:(.text)
802002e2 802002e2        0     1                 
802002e2 802002e2        0     1                 
802002e2 802002e2        0     1                 
802002e2 802002e2       14     1                 memset
802002e4 802002e4        0     1                 
802002e6 802002e6        0     1                 
802002e6 802002e6        0     1                 .LBB0_2
802002e6 802002e6        0     1                 
802002e8 802002e8        0     1                 
802002ec 802002ec        0     1                 
802002ec 802002ec        0     1                 
802002f0 802002f0        0     1                 
802002f0 802002f0        0     1                 
802002f2 802002f2        0     1                 
802002f2 802002f2        0     1                 
802002f4 802002f4        0     1                 .LBB0_3
802002f4 802002f4        0     1                 
802002f4 802002f4        0     1                 
802002f6 802002f6        0     1                 
802002f6 802002f6        0     1                 
802002f6 802002f6       1a     2         /var/folders/dx/1ls6nd552bsc6ng0p83ftr4w0000gn/T/memcpy-ace04c.o:(.text)
802002f6 802002f6        0     1                 
802002f6 802002f6        0     1                 
802002f6 802002f6        0     1                 
802002f6 802002f6       1a     1                 memcpy
802002f8 802002f8        0     1                 
802002fa 802002fa        0     1                 
802002fa 802002fa        0     1                 .LBB0_2
802002fa 802002fa        0     1                 
802002fe 802002fe        0     1                 
80200300 80200300        0     1                 
80200302 80200302        0     1                 
80200306 80200306        0     1                 
80200306 80200306        0     1                 
8020030a 8020030a        0     1                 
8020030a 8020030a        0     1                 
8020030c 8020030c        0     1                 
8020030c 8020030c        0     1                 
8020030e 8020030e        0     1                 .LBB0_3
8020030e 8020030e        0     1                 
8020030e 8020030e        0     1                 
80200310 80200310        0     1                 
80200310 80200310        0     1                 
80200310 80200310       38     2         /var/folders/dx/1ls6nd552bsc6ng0p83ftr4w0000gn/T/strlcpy-4ac63e.o:(.text)
80200310 80200310        0     1                 
80200310 80200310        0     1                 
80200310 80200310        0     1                 
80200310 80200310       38     1                 strlcpy
80200312 80200312        0     1                 
80200314 80200314        0     1                 
80200316 80200316        0     1                 
80200316 80200316        0     1                 
80200318 80200318        0     1                 
80200318 80200318        0     1                 .LBB0_2
80200318 80200318        0     1                 
8020031a 8020031a        0     1                 
8020031e 8020031e        0     1                 
80200322 80200322        0     1                 
80200322 80200322        0     1                 
80200326 80200326        0     1                 
80200328 80200328        0     1                 
8020032a 8020032a        0     1                 
8020032a 8020032a        0     1                 
8020032c 8020032c        0     1                 
80200330 80200330        0     1                 .LBB0_4
80200330 80200330        0     1                 
80200330 80200330        0     1                 
80200334 80200334        0     1                 .LBB0_5
80200334 80200334        0     1                 
80200334 80200334        0     1                 
80200338 80200338        0     1                 
8020033c 8020033c        0     1                 
8020033c 8020033c        0     1                 
8020033e 8020033e        0     1                 
80200340 80200340        0     1                 .LBB0_6
80200340 80200340        0     1                 
80200346 80200346        0     1                 
80200348 80200348        0     1                 
80200348 80200348        0     1                 
80200348 80200348       36     2         /var/folders/dx/1ls6nd552bsc6ng0p83ftr4w0000gn/T/strcmp-077d23.o:(.text)
80200348 80200348        0     1                 
80200348 80200348        0     1                 
80200348 80200348        0     1                 
80200348 80200348       36     1                 strcmp
8020034c 8020034c        0     1                 
8020034e 8020034e        0     1                 
80200350 80200350        0     1                 
80200350 80200350        0     1                 .LBB0_2
80200350 80200350        0     1                 
80200354 80200354        0     1                 
80200362 80200362        0     1                 
80200366 80200366        0     1                 
80200366 80200366        0     1                 
8020036a 8020036a        0     1                 
8020036c 8020036c        0     1                 
8020036e 8020036e        0     1                 
80200370 80200370        0     1                 .LBB0_4
80200370 80200370        0     1                 
80200374 80200374        0     1                 
80200378 80200378        0     1                 
80200378 80200378        0     1                 
8020037c 8020037c        0     1                 
8020037e 8020037e        0     1                 
8020037e 8020037e        0     1                 
80200380 80200380       81     4 .rodata
80200380 80200380       81     1         <internal>:(.rodata.str1.1)
80200404 80200404        0     4 .bss
80200404 80200404        0     1         __bss = .
80200404 80200404        0     1         __bss_end = .
80200404 80200404        0     1 . = ALIGN ( 4 )
80200404 80200404    20000     1 . += 128 * 1024
80220404 80220404        0     1 __stack_top = .
80220404 80220404      bfc     1 . = ALIGN ( 4096 )
80221000 80221000        0     1 __free_ram = .
80221000 80221000  4000000     1 . += 64 * 1024 * 1024
84221000 84221000        0     1 __free_ram_end = .
       0        0      46c     1 .debug_loc
       0        0       f5     1         /var/folders/dx/1ls6nd552bsc6ng0p83ftr4w0000gn/T/kernel-b51cba.o:(.debug_loc)
       0        0        0     1                 
      1b       1b        0     1                 
      36       36        0     1                 
      51       51        0     1                 
      6e       6e        0     1                 
      89       89        0     1                 
      a4       a4        0     1                 
      bf       bf        0     1                 
      da       da        0     1                 
      f5       f5      19a     1         /var/folders/dx/1ls6nd552bsc6ng0p83ftr4w0000gn/T/printf-252373.o:(.debug_loc)
      f5       f5        0     1                 
     113      113        0     1                 
     131      131        0     1                 
     174      174        0     1                 
     1f1      1f1        0     1                 
     204      204        0     1                 
     264      264        0     1                 
     28f      28f       47     1         /var/folders/dx/1ls6nd552bsc6ng0p83ftr4w0000gn/T/strcp-78b260.o:(.debug_loc)
     28f      28f        0     1                 
     2ad      2ad        0     1                 
     2d6      2d6       61     1         /var/folders/dx/1ls6nd552bsc6ng0p83ftr4w0000gn/T/memset-c5fe2f.o:(.debug_loc)
     2d6      2d6        0     1                 
     30a      30a        0     1                 
     337      337       74     1         /var/folders/dx/1ls6nd552bsc6ng0p83ftr4w0000gn/T/memcpy-ace04c.o:(.debug_loc)
     337      337        0     1                 
     34a      34a        0     1                 
     37e      37e        0     1                 
     3ab      3ab       83     1         /var/folders/dx/1ls6nd552bsc6ng0p83ftr4w0000gn/T/strlcpy-4ac63e.o:(.debug_loc)
     3ab      3ab        0     1                 
     3be      3be        0     1                 
     3fd      3fd        0     1                 
     410      410        0     1                 
     42e      42e       3e     1         /var/folders/dx/1ls6nd552bsc6ng0p83ftr4w0000gn/T/strcmp-077d23.o:(.debug_loc)
     42e      42e        0     1                 
     459      459        0     1                 
       0        0      4ea     1 .debug_abbrev
       0        0      199     1         /var/folders/dx/1ls6nd552bsc6ng0p83ftr4w0000gn/T/kernel-b51cba.o:(.debug_abbrev)
     199      199       ed     1         /var/folders/dx/1ls6nd552bsc6ng0p83ftr4w0000gn/T/printf-252373.o:(.debug_abbrev)
     286      286       74     1         /var/folders/dx/1ls6nd552bsc6ng0p83ftr4w0000gn/T/strcp-78b260.o:(.debug_abbrev)
     2fa      2fa       7f     1         /var/folders/dx/1ls6nd552bsc6ng0p83ftr4w0000gn/T/memset-c5fe2f.o:(.debug_abbrev)
     379      379       9a     1         /var/folders/dx/1ls6nd552bsc6ng0p83ftr4w0000gn/T/memcpy-ace04c.o:(.debug_abbrev)
     413      413       81     1         /var/folders/dx/1ls6nd552bsc6ng0p83ftr4w0000gn/T/strlcpy-4ac63e.o:(.debug_abbrev)
     494      494       56     1         /var/folders/dx/1ls6nd552bsc6ng0p83ftr4w0000gn/T/strcmp-077d23.o:(.debug_abbrev)
       0        0      a44     1 .debug_info
       0        0      561     1         /var/folders/dx/1ls6nd552bsc6ng0p83ftr4w0000gn/T/kernel-b51cba.o:(.debug_info)
     561      561      1b3     1         /var/folders/dx/1ls6nd552bsc6ng0p83ftr4w0000gn/T/printf-252373.o:(.debug_info)
     714      714       7e     1         /var/folders/dx/1ls6nd552bsc6ng0p83ftr4w0000gn/T/strcp-78b260.o:(.debug_info)
     792      792       b1     1         /var/folders/dx/1ls6nd552bsc6ng0p83ftr4w0000gn/T/memset-c5fe2f.o:(.debug_info)
     843      843       c9     1         /var/folders/dx/1ls6nd552bsc6ng0p83ftr4w0000gn/T/memcpy-ace04c.o:(.debug_info)
     90c      90c       b9     1         /var/folders/dx/1ls6nd552bsc6ng0p83ftr4w0000gn/T/strlcpy-4ac63e.o:(.debug_info)
     9c5      9c5       7f     1         /var/folders/dx/1ls6nd552bsc6ng0p83ftr4w0000gn/T/strcmp-077d23.o:(.debug_info)
       0        0       30     1 .debug_ranges
       0        0       18     1         /var/folders/dx/1ls6nd552bsc6ng0p83ftr4w0000gn/T/kernel-b51cba.o:(.debug_ranges)
       0        0        0     1                 
      18       18       18     1         /var/folders/dx/1ls6nd552bsc6ng0p83ftr4w0000gn/T/printf-252373.o:(.debug_ranges)
      18       18        0     1                 
       0        0      2f8     1 .debug_str
       0        0      2f8     1         <internal>:(.debug_str)
       0        0       3b     1 .comment
       0        0       3b     1         <internal>:(.comment)
       0        0       2b     1 .riscv.attributes
       0        0       2b     1         <internal>:(.riscv.attributes)
       0        0      17c     4 .debug_frame
       0        0       84     4         /var/folders/dx/1ls6nd552bsc6ng0p83ftr4w0000gn/T/kernel-b51cba.o:(.debug_frame)
       0        0        0     1                 
      84       84       44     4         /var/folders/dx/1ls6nd552bsc6ng0p83ftr4w0000gn/T/printf-252373.o:(.debug_frame)
      84       84        0     1                 
      c8       c8       24     4         /var/folders/dx/1ls6nd552bsc6ng0p83ftr4w0000gn/T/strcp-78b260.o:(.debug_frame)
      c8       c8        0     1                 
      ec       ec       24     4         /var/folders/dx/1ls6nd552bsc6ng0p83ftr4w0000gn/T/memset-c5fe2f.o:(.debug_frame)
      ec       ec        0     1                 
     110      110       24     4         /var/folders/dx/1ls6nd552bsc6ng0p83ftr4w0000gn/T/memcpy-ace04c.o:(.debug_frame)
     110      110        0     1                 
     134      134       24     4         /var/folders/dx/1ls6nd552bsc6ng0p83ftr4w0000gn/T/strlcpy-4ac63e.o:(.debug_frame)
     134      134        0     1                 
     158      158       24     4         /var/folders/dx/1ls6nd552bsc6ng0p83ftr4w0000gn/T/strcmp-077d23.o:(.debug_frame)
     158      158        0     1                 
       0        0      8b5     1 .debug_line
       0        0      1c8     1         /var/folders/dx/1ls6nd552bsc6ng0p83ftr4w0000gn/T/kernel-b51cba.o:(.debug_line)
       0        0        0     1                 .Lline_table_start0
     1c8      1c8      289     1         /var/folders/dx/1ls6nd552bsc6ng0p83ftr4w0000gn/T/printf-252373.o:(.debug_line)
     1c8      1c8        0     1                 .Lline_table_start0
     451      451       9a     1         /var/folders/dx/1ls6nd552bsc6ng0p83ftr4w0000gn/T/strcp-78b260.o:(.debug_line)
     451      451        0     1                 .Lline_table_start0
     4eb      4eb       e8     1         /var/folders/dx/1ls6nd552bsc6ng0p83ftr4w0000gn/T/memset-c5fe2f.o:(.debug_line)
     4eb      4eb        0     1                 .Lline_table_start0
     5d3      5d3       f8     1         /var/folders/dx/1ls6nd552bsc6ng0p83ftr4w0000gn/T/memcpy-ace04c.o:(.debug_line)
     5d3      5d3        0     1                 .Lline_table_start0
     6cb      6cb      13c     1         /var/folders/dx/1ls6nd552bsc6ng0p83ftr4w0000gn/T/strlcpy-4ac63e.o:(.debug_line)
     6cb      6cb        0     1                 .Lline_table_start0
     807      807       ae     1         /var/folders/dx/1ls6nd552bsc6ng0p83ftr4w0000gn/T/strcmp-077d23.o:(.debug_line)
     807      807        0     1                 .Lline_table_start0
       0        0     1e60     4 .symtab
       0        0     1e60     4         <internal>:(.symtab)
       0        0       a0     1 .shstrtab
       0        0       a0     1         <internal>:(.shstrtab)
       0        0       dc     1 .strtab
       0        0       dc     1         <internal>:(.strtab)
