     VMA      LMA     Size Align Out     In      Symbol
       0        0 80200000     1 . = 0x80200000
80200000 80200000      3ce     4 .text
80200000 80200000        e     2         /var/folders/dx/1ls6nd552bsc6ng0p83ftr4w0000gn/T/kernel-2f08b2.o:(.text.boot)
80200000 80200000        0     1                 
80200000 80200000        0     1                 
80200000 80200000        0     1                 
80200000 80200000        e     1                 boot
8020000e 8020000e        0     1                 
8020000e 8020000e        0     1                 
80200010 80200010      158     4         /var/folders/dx/1ls6nd552bsc6ng0p83ftr4w0000gn/T/kernel-2f08b2.o:(.text)
80200010 80200010        0     1                 
80200010 80200010        0     1                 
80200010 80200010        0     1                 
80200010 80200010        6     1                 sbi_call
80200014 80200014        0     1                 
80200016 80200016        0     1                 
80200016 80200016        0     1                 
80200016 80200016        0     1                 
80200016 80200016       14     1                 putchar
80200028 80200028        0     1                 
80200028 80200028        0     1                 
8020002c 8020002c        0     1                 
8020002c 8020002c        0     1                 
8020002c 8020002c        0     1                 
8020002c 8020002c       8c     1                 kernel_entry
80200070 80200070        0     1                 
80200074 80200074        0     1                 
80200078 80200078        0     1                 
802000b4 802000b4        0     1                 
802000b8 802000b8        0     1                 
802000b8 802000b8        0     1                 
802000b8 802000b8        0     1                 
802000b8 802000b8        0     1                 
802000b8 802000b8        0     1                 
802000b8 802000b8       28     1                 handle_trap
802000ba 802000ba        0     1                 
802000ba 802000ba        0     1                 
802000c0 802000c0        0     1                 
802000c0 802000c0        0     1                 
802000c4 802000c4        0     1                 
802000c4 802000c4        0     1                 
802000c8 802000c8        0     1                 
802000c8 802000c8        0     1                 
802000cc 802000cc        0     1                 
802000de 802000de        0     1                 
802000de 802000de        0     1                 .LBB3_1
802000e0 802000e0        0     1                 
802000e0 802000e0        0     1                 
802000e0 802000e0        0     1                 
802000e0 802000e0        0     1                 
802000e0 802000e0        0     1                 
802000e0 802000e0       88     1                 kernel_main
802000e2 802000e2        0     1                 
802000fa 802000fa        0     1                 
802000fa 802000fa        0     1                 
80200104 80200104        0     1                 
80200104 80200104        0     1                 
8020010e 8020010e        0     1                 
8020010e 8020010e        0     1                 
80200118 80200118        0     1                 
80200118 80200118        0     1                 
80200122 80200122        0     1                 
80200122 80200122        0     1                 
8020012c 8020012c        0     1                 
8020012c 8020012c        0     1                 
80200136 80200136        0     1                 
80200136 80200136        0     1                 
80200140 80200140        0     1                 
80200140 80200140        0     1                 
8020014a 8020014a        0     1                 
8020014a 8020014a        0     1                 
80200154 80200154        0     1                 
80200154 80200154        0     1                 
8020015c 8020015c        0     1                 
80200160 80200160        0     1                 
80200160 80200160        0     1                 
80200162 80200162        0     1                 
80200164 80200164        0     1                 
80200168 80200168        0     1                 
80200168 80200168        0     1                 
80200168 80200168      1a6     2         /var/folders/dx/1ls6nd552bsc6ng0p83ftr4w0000gn/T/printf-051146.o:(.text)
80200168 80200168        0     1                 
80200168 80200168        0     1                 
80200168 80200168        0     1                 
80200168 80200168      1a6     1                 printf
80200196 80200196        0     1                 
802001be 802001be        0     1                 .LBB0_1
802001be 802001be        0     1                 
802001c2 802001c2        0     1                 .LBB0_2
802001c2 802001c2        0     1                 
802001c4 802001c4        0     1                 .LBB0_3
802001c4 802001c4        0     1                 
802001c8 802001c8        0     1                 
802001d0 802001d0        0     1                 .LBB0_5
802001d0 802001d0        0     1                 
802001d2 802001d2        0     1                 
802001d2 802001d2        0     1                 
802001d4 802001d4        0     1                 
802001d6 802001d6        0     1                 .LBB0_6
802001d6 802001d6        0     1                 
802001da 802001da        0     1                 
802001dc 802001dc        0     1                 
802001ec 802001ec        0     1                 
802001ec 802001ec        0     1                 
802001f8 802001f8        0     1                 
802001f8 802001f8        0     1                 
802001fc 802001fc        0     1                 
802001fc 802001fc        0     1                 
802001fe 802001fe        0     1                 
80200204 80200204        0     1                 .LBB0_11
80200204 80200204        0     1                 
80200204 80200204        0     1                 
8020020c 8020020c        0     1                 
8020020c 8020020c        0     1                 
80200216 80200216        0     1                 
80200216 80200216        0     1                 
8020021a 8020021a        0     1                 
8020021a 8020021a        0     1                 
8020021c 8020021c        0     1                 
80200220 80200220        0     1                 
80200222 80200222        0     1                 
80200222 80200222        0     1                 
80200228 80200228        0     1                 
80200228 80200228        0     1                 
8020022a 8020022a        0     1                 
8020022e 8020022e        0     1                 
80200230 80200230        0     1                 
80200230 80200230        0     1                 
80200236 80200236        0     1                 
80200236 80200236        0     1                 
80200238 80200238        0     1                 
8020023c 8020023c        0     1                 
8020023e 8020023e        0     1                 
8020023e 8020023e        0     1                 
80200244 80200244        0     1                 
80200244 80200244        0     1                 
80200246 80200246        0     1                 
8020024a 8020024a        0     1                 
8020024c 8020024c        0     1                 
8020024c 8020024c        0     1                 
80200252 80200252        0     1                 
80200252 80200252        0     1                 
80200254 80200254        0     1                 
80200258 80200258        0     1                 
8020025a 8020025a        0     1                 
8020025a 8020025a        0     1                 
80200260 80200260        0     1                 
80200260 80200260        0     1                 
80200262 80200262        0     1                 
80200266 80200266        0     1                 
80200268 80200268        0     1                 
80200268 80200268        0     1                 
8020026e 8020026e        0     1                 
8020026e 8020026e        0     1                 
80200270 80200270        0     1                 
80200274 80200274        0     1                 
80200276 80200276        0     1                 
80200276 80200276        0     1                 
80200278 80200278        0     1                 
80200278 80200278        0     1                 
8020027a 8020027a        0     1                 
8020027e 8020027e        0     1                 
8020027e 8020027e        0     1                 
80200280 80200280        0     1                 
80200280 80200280        0     1                 
80200282 80200282        0     1                 
80200284 80200284        0     1                 .LBB0_14
80200284 80200284        0     1                 
80200284 80200284        0     1                 
8020028e 8020028e        0     1                 
8020028e 8020028e        0     1                 
80200292 80200292        0     1                 
80200298 80200298        0     1                 
80200298 80200298        0     1                 .LBB0_16
80200298 80200298        0     1                 
8020029e 8020029e        0     1                 
8020029e 8020029e        0     1                 
802002a2 802002a2        0     1                 
802002a4 802002a4        0     1                 
802002a8 802002a8        0     1                 .LBB0_17
802002a8 802002a8        0     1                 
802002a8 802002a8        0     1                 
802002ae 802002ae        0     1                 
802002ae 802002ae        0     1                 
802002b2 802002b2        0     1                 
802002b2 802002b2        0     1                 
802002b4 802002b4        0     1                 
802002b8 802002b8        0     1                 .LBB0_18
802002b8 802002b8        0     1                 
802002ba 802002ba        0     1                 
802002ba 802002ba        0     1                 .LBB0_19
802002ba 802002ba        0     1                 
802002be 802002be        0     1                 
802002c2 802002c2        0     1                 
802002c6 802002c6        0     1                 .LBB0_20
802002c6 802002c6        0     1                 
802002c6 802002c6        0     1                 
802002c8 802002c8        0     1                 
802002c8 802002c8        0     1                 
802002cc 802002cc        0     1                 
802002d0 802002d0        0     1                 
802002d6 802002d6        0     1                 
802002d6 802002d6        0     1                 
802002e4 802002e4        0     1                 
802002e4 802002e4        0     1                 
802002ea 802002ea        0     1                 .LBB0_21
802002ea 802002ea        0     1                 
802002ea 802002ea        0     1                 
802002f0 802002f0        0     1                 .LBB0_22
802002f0 802002f0        0     1                 
802002f0 802002f0        0     1                 
802002f4 802002f4        0     1                 
8020030a 8020030a        0     1                 
8020030e 8020030e        0     1                 
8020030e 8020030e        0     1                 
8020030e 8020030e       24     2         /var/folders/dx/1ls6nd552bsc6ng0p83ftr4w0000gn/T/strcp-c3da23.o:(.text)
8020030e 8020030e        0     1                 
8020030e 8020030e        0     1                 
8020030e 8020030e        0     1                 
8020030e 8020030e       24     1                 strcpy
80200314 80200314        0     1                 
80200318 80200318        0     1                 
80200318 80200318        0     1                 
8020031a 8020031a        0     1                 
8020031a 8020031a        0     1                 .LBB0_2
8020031a 8020031a        0     1                 
8020031e 8020031e        0     1                 
80200322 80200322        0     1                 
80200326 80200326        0     1                 
80200326 80200326        0     1                 
80200328 80200328        0     1                 
80200328 80200328        0     1                 
8020032a 8020032a        0     1                 
8020032c 8020032c        0     1                 .LBB0_3
8020032c 8020032c        0     1                 
8020032c 8020032c        0     1                 
80200330 80200330        0     1                 
80200332 80200332        0     1                 
80200332 80200332        0     1                 
80200332 80200332       14     2         /var/folders/dx/1ls6nd552bsc6ng0p83ftr4w0000gn/T/memset-24f4c9.o:(.text)
80200332 80200332        0     1                 
80200332 80200332        0     1                 
80200332 80200332        0     1                 
80200332 80200332       14     1                 memset
80200334 80200334        0     1                 
80200336 80200336        0     1                 
80200336 80200336        0     1                 .LBB0_2
80200336 80200336        0     1                 
80200338 80200338        0     1                 
8020033c 8020033c        0     1                 
8020033c 8020033c        0     1                 
80200340 80200340        0     1                 
80200340 80200340        0     1                 
80200342 80200342        0     1                 
80200342 80200342        0     1                 
80200344 80200344        0     1                 .LBB0_3
80200344 80200344        0     1                 
80200344 80200344        0     1                 
80200346 80200346        0     1                 
80200346 80200346        0     1                 
80200346 80200346       1a     2         /var/folders/dx/1ls6nd552bsc6ng0p83ftr4w0000gn/T/memcpy-8a7786.o:(.text)
80200346 80200346        0     1                 
80200346 80200346        0     1                 
80200346 80200346        0     1                 
80200346 80200346       1a     1                 memcpy
80200348 80200348        0     1                 
8020034a 8020034a        0     1                 
8020034a 8020034a        0     1                 .LBB0_2
8020034a 8020034a        0     1                 
8020034e 8020034e        0     1                 
80200350 80200350        0     1                 
80200352 80200352        0     1                 
80200356 80200356        0     1                 
80200356 80200356        0     1                 
8020035a 8020035a        0     1                 
8020035a 8020035a        0     1                 
8020035c 8020035c        0     1                 
8020035c 8020035c        0     1                 
8020035e 8020035e        0     1                 .LBB0_3
8020035e 8020035e        0     1                 
8020035e 8020035e        0     1                 
80200360 80200360        0     1                 
80200360 80200360        0     1                 
80200360 80200360       38     2         /var/folders/dx/1ls6nd552bsc6ng0p83ftr4w0000gn/T/strlcpy-2eb7b3.o:(.text)
80200360 80200360        0     1                 
80200360 80200360        0     1                 
80200360 80200360        0     1                 
80200360 80200360       38     1                 strlcpy
80200362 80200362        0     1                 
80200364 80200364        0     1                 
80200366 80200366        0     1                 
80200366 80200366        0     1                 
80200368 80200368        0     1                 
80200368 80200368        0     1                 .LBB0_2
80200368 80200368        0     1                 
8020036a 8020036a        0     1                 
8020036e 8020036e        0     1                 
80200372 80200372        0     1                 
80200372 80200372        0     1                 
80200376 80200376        0     1                 
80200378 80200378        0     1                 
8020037a 8020037a        0     1                 
8020037a 8020037a        0     1                 
8020037c 8020037c        0     1                 
80200380 80200380        0     1                 .LBB0_4
80200380 80200380        0     1                 
80200380 80200380        0     1                 
80200384 80200384        0     1                 .LBB0_5
80200384 80200384        0     1                 
80200384 80200384        0     1                 
80200388 80200388        0     1                 
8020038c 8020038c        0     1                 
8020038c 8020038c        0     1                 
8020038e 8020038e        0     1                 
80200390 80200390        0     1                 .LBB0_6
80200390 80200390        0     1                 
80200396 80200396        0     1                 
80200398 80200398        0     1                 
80200398 80200398        0     1                 
80200398 80200398       36     2         /var/folders/dx/1ls6nd552bsc6ng0p83ftr4w0000gn/T/strcmp-335692.o:(.text)
80200398 80200398        0     1                 
80200398 80200398        0     1                 
80200398 80200398        0     1                 
80200398 80200398       36     1                 strcmp
8020039c 8020039c        0     1                 
8020039e 8020039e        0     1                 
802003a0 802003a0        0     1                 
802003a0 802003a0        0     1                 .LBB0_2
802003a0 802003a0        0     1                 
802003a4 802003a4        0     1                 
802003b2 802003b2        0     1                 
802003b6 802003b6        0     1                 
802003b6 802003b6        0     1                 
802003ba 802003ba        0     1                 
802003bc 802003bc        0     1                 
802003be 802003be        0     1                 
802003c0 802003c0        0     1                 .LBB0_4
802003c0 802003c0        0     1                 
802003c4 802003c4        0     1                 
802003c8 802003c8        0     1                 
802003c8 802003c8        0     1                 
802003cc 802003cc        0     1                 
802003ce 802003ce        0     1                 
802003ce 802003ce        0     1                 
802003d0 802003d0      5d1     4 .rodata
802003d0 802003d0      5d1     1         <internal>:(.rodata.str1.1)
802009a4 802009a4        0     4 .bss
802009a4 802009a4        0     1         __bss = .
802009a4 802009a4        0     1         __bss_end = .
802009a4 802009a4        0     1 . = ALIGN ( 4 )
802009a4 802009a4    20000     1 . += 128 * 1024
802209a4 802209a4        0     1 __stack_top = .
802209a4 802209a4      65c     1 . = ALIGN ( 4096 )
80221000 80221000        0     1 __free_ram = .
80221000 80221000  4000000     1 . += 64 * 1024 * 1024
84221000 84221000        0     1 __free_ram_end = .
       0        0      46c     1 .debug_loc
       0        0       f5     1         /var/folders/dx/1ls6nd552bsc6ng0p83ftr4w0000gn/T/kernel-2f08b2.o:(.debug_loc)
       0        0        0     1                 
      1b       1b        0     1                 
      36       36        0     1                 
      51       51        0     1                 
      6e       6e        0     1                 
      89       89        0     1                 
      a4       a4        0     1                 
      bf       bf        0     1                 
      da       da        0     1                 
      f5       f5      19a     1         /var/folders/dx/1ls6nd552bsc6ng0p83ftr4w0000gn/T/printf-051146.o:(.debug_loc)
      f5       f5        0     1                 
     113      113        0     1                 
     131      131        0     1                 
     174      174        0     1                 
     1f1      1f1        0     1                 
     204      204        0     1                 
     264      264        0     1                 
     28f      28f       47     1         /var/folders/dx/1ls6nd552bsc6ng0p83ftr4w0000gn/T/strcp-c3da23.o:(.debug_loc)
     28f      28f        0     1                 
     2ad      2ad        0     1                 
     2d6      2d6       61     1         /var/folders/dx/1ls6nd552bsc6ng0p83ftr4w0000gn/T/memset-24f4c9.o:(.debug_loc)
     2d6      2d6        0     1                 
     30a      30a        0     1                 
     337      337       74     1         /var/folders/dx/1ls6nd552bsc6ng0p83ftr4w0000gn/T/memcpy-8a7786.o:(.debug_loc)
     337      337        0     1                 
     34a      34a        0     1                 
     37e      37e        0     1                 
     3ab      3ab       83     1         /var/folders/dx/1ls6nd552bsc6ng0p83ftr4w0000gn/T/strlcpy-2eb7b3.o:(.debug_loc)
     3ab      3ab        0     1                 
     3be      3be        0     1                 
     3fd      3fd        0     1                 
     410      410        0     1                 
     42e      42e       3e     1         /var/folders/dx/1ls6nd552bsc6ng0p83ftr4w0000gn/T/strcmp-335692.o:(.debug_loc)
     42e      42e        0     1                 
     459      459        0     1                 
       0        0      502     1 .debug_abbrev
       0        0      1b1     1         /var/folders/dx/1ls6nd552bsc6ng0p83ftr4w0000gn/T/kernel-2f08b2.o:(.debug_abbrev)
     1b1      1b1       ed     1         /var/folders/dx/1ls6nd552bsc6ng0p83ftr4w0000gn/T/printf-051146.o:(.debug_abbrev)
     29e      29e       74     1         /var/folders/dx/1ls6nd552bsc6ng0p83ftr4w0000gn/T/strcp-c3da23.o:(.debug_abbrev)
     312      312       7f     1         /var/folders/dx/1ls6nd552bsc6ng0p83ftr4w0000gn/T/memset-24f4c9.o:(.debug_abbrev)
     391      391       9a     1         /var/folders/dx/1ls6nd552bsc6ng0p83ftr4w0000gn/T/memcpy-8a7786.o:(.debug_abbrev)
     42b      42b       81     1         /var/folders/dx/1ls6nd552bsc6ng0p83ftr4w0000gn/T/strlcpy-2eb7b3.o:(.debug_abbrev)
     4ac      4ac       56     1         /var/folders/dx/1ls6nd552bsc6ng0p83ftr4w0000gn/T/strcmp-335692.o:(.debug_abbrev)
       0        0      b3d     1 .debug_info
       0        0      65a     1         /var/folders/dx/1ls6nd552bsc6ng0p83ftr4w0000gn/T/kernel-2f08b2.o:(.debug_info)
     65a      65a      1b3     1         /var/folders/dx/1ls6nd552bsc6ng0p83ftr4w0000gn/T/printf-051146.o:(.debug_info)
     80d      80d       7e     1         /var/folders/dx/1ls6nd552bsc6ng0p83ftr4w0000gn/T/strcp-c3da23.o:(.debug_info)
     88b      88b       b1     1         /var/folders/dx/1ls6nd552bsc6ng0p83ftr4w0000gn/T/memset-24f4c9.o:(.debug_info)
     93c      93c       c9     1         /var/folders/dx/1ls6nd552bsc6ng0p83ftr4w0000gn/T/memcpy-8a7786.o:(.debug_info)
     a05      a05       b9     1         /var/folders/dx/1ls6nd552bsc6ng0p83ftr4w0000gn/T/strlcpy-2eb7b3.o:(.debug_info)
     abe      abe       7f     1         /var/folders/dx/1ls6nd552bsc6ng0p83ftr4w0000gn/T/strcmp-335692.o:(.debug_info)
       0        0       30     1 .debug_ranges
       0        0       18     1         /var/folders/dx/1ls6nd552bsc6ng0p83ftr4w0000gn/T/kernel-2f08b2.o:(.debug_ranges)
       0        0        0     1                 
      18       18       18     1         /var/folders/dx/1ls6nd552bsc6ng0p83ftr4w0000gn/T/printf-051146.o:(.debug_ranges)
      18       18        0     1                 
       0        0      2f8     1 .debug_str
       0        0      2f8     1         <internal>:(.debug_str)
       0        0       3b     1 .comment
       0        0       3b     1         <internal>:(.comment)
       0        0       2b     1 .riscv.attributes
       0        0       2b     1         <internal>:(.riscv.attributes)
       0        0      17c     4 .debug_frame
       0        0       84     4         /var/folders/dx/1ls6nd552bsc6ng0p83ftr4w0000gn/T/kernel-2f08b2.o:(.debug_frame)
       0        0        0     1                 
      84       84       44     4         /var/folders/dx/1ls6nd552bsc6ng0p83ftr4w0000gn/T/printf-051146.o:(.debug_frame)
      84       84        0     1                 
      c8       c8       24     4         /var/folders/dx/1ls6nd552bsc6ng0p83ftr4w0000gn/T/strcp-c3da23.o:(.debug_frame)
      c8       c8        0     1                 
      ec       ec       24     4         /var/folders/dx/1ls6nd552bsc6ng0p83ftr4w0000gn/T/memset-24f4c9.o:(.debug_frame)
      ec       ec        0     1                 
     110      110       24     4         /var/folders/dx/1ls6nd552bsc6ng0p83ftr4w0000gn/T/memcpy-8a7786.o:(.debug_frame)
     110      110        0     1                 
     134      134       24     4         /var/folders/dx/1ls6nd552bsc6ng0p83ftr4w0000gn/T/strlcpy-2eb7b3.o:(.debug_frame)
     134      134        0     1                 
     158      158       24     4         /var/folders/dx/1ls6nd552bsc6ng0p83ftr4w0000gn/T/strcmp-335692.o:(.debug_frame)
     158      158        0     1                 
       0        0      8eb     1 .debug_line
       0        0      1fd     1         /var/folders/dx/1ls6nd552bsc6ng0p83ftr4w0000gn/T/kernel-2f08b2.o:(.debug_line)
       0        0        0     1                 .Lline_table_start0
     1fd      1fd      28a     1         /var/folders/dx/1ls6nd552bsc6ng0p83ftr4w0000gn/T/printf-051146.o:(.debug_line)
     1fd      1fd        0     1                 .Lline_table_start0
     487      487       9a     1         /var/folders/dx/1ls6nd552bsc6ng0p83ftr4w0000gn/T/strcp-c3da23.o:(.debug_line)
     487      487        0     1                 .Lline_table_start0
     521      521       e8     1         /var/folders/dx/1ls6nd552bsc6ng0p83ftr4w0000gn/T/memset-24f4c9.o:(.debug_line)
     521      521        0     1                 .Lline_table_start0
     609      609       f8     1         /var/folders/dx/1ls6nd552bsc6ng0p83ftr4w0000gn/T/memcpy-8a7786.o:(.debug_line)
     609      609        0     1                 .Lline_table_start0
     701      701      13c     1         /var/folders/dx/1ls6nd552bsc6ng0p83ftr4w0000gn/T/strlcpy-2eb7b3.o:(.debug_line)
     701      701        0     1                 .Lline_table_start0
     83d      83d       ae     1         /var/folders/dx/1ls6nd552bsc6ng0p83ftr4w0000gn/T/strcmp-335692.o:(.debug_line)
     83d      83d        0     1                 .Lline_table_start0
       0        0     1f60     4 .symtab
       0        0     1f60     4         <internal>:(.symtab)
       0        0       a0     1 .shstrtab
       0        0       a0     1         <internal>:(.shstrtab)
       0        0       dc     1 .strtab
       0        0       dc     1         <internal>:(.strtab)
