     VMA      LMA     Size Align Out     In      Symbol
       0        0 80200000     1 . = 0x80200000
80200000 80200000      4be     4 .text
80200000 80200000        e     2         /var/folders/dx/1ls6nd552bsc6ng0p83ftr4w0000gn/T/kernel-6d80e1.o:(.text.boot)
80200000 80200000        0     1                 
80200000 80200000        0     1                 
80200000 80200000        0     1                 
80200000 80200000        e     1                 boot
8020000e 8020000e        0     1                 
8020000e 8020000e        0     1                 
80200010 80200010      248     4         /var/folders/dx/1ls6nd552bsc6ng0p83ftr4w0000gn/T/kernel-6d80e1.o:(.text)
80200010 80200010        0     1                 
80200010 80200010        0     1                 
80200010 80200010        0     1                 
80200010 80200010        6     1                 sbi_call
80200014 80200014        0     1                 
80200016 80200016        0     1                 
80200016 80200016        0     1                 
80200016 80200016        0     1                 
80200016 80200016       14     1                 putchar
80200028 80200028        0     1                 
80200028 80200028        0     1                 
8020002c 8020002c        0     1                 
8020002c 8020002c        0     1                 
8020002c 8020002c        0     1                 
8020002c 8020002c       8c     1                 kernel_entry
80200070 80200070        0     1                 
80200074 80200074        0     1                 
80200078 80200078        0     1                 
802000b4 802000b4        0     1                 
802000b8 802000b8        0     1                 
802000b8 802000b8        0     1                 
802000b8 802000b8        0     1                 
802000b8 802000b8        0     1                 
802000b8 802000b8        0     1                 
802000b8 802000b8       28     1                 handle_trap
802000ba 802000ba        0     1                 
802000ba 802000ba        0     1                 
802000c0 802000c0        0     1                 
802000c0 802000c0        0     1                 
802000c4 802000c4        0     1                 
802000c4 802000c4        0     1                 
802000c8 802000c8        0     1                 
802000c8 802000c8        0     1                 
802000cc 802000cc        0     1                 
802000de 802000de        0     1                 
802000de 802000de        0     1                 .LBB3_1
802000e0 802000e0        0     1                 
802000e0 802000e0        0     1                 
802000e0 802000e0        0     1                 
802000e0 802000e0        0     1                 
802000e0 802000e0        0     1                 
802000e0 802000e0      178     1                 kernel_main
802000e2 802000e2        0     1                 
802000fa 802000fa        0     1                 
802000fa 802000fa        0     1                 
80200104 80200104        0     1                 
80200104 80200104        0     1                 
8020010e 8020010e        0     1                 
8020010e 8020010e        0     1                 
80200118 80200118        0     1                 
80200118 80200118        0     1                 
80200122 80200122        0     1                 
80200122 80200122        0     1                 
8020012c 8020012c        0     1                 
8020012c 8020012c        0     1                 
80200136 80200136        0     1                 
80200136 80200136        0     1                 
80200140 80200140        0     1                 
80200140 80200140        0     1                 
8020014a 8020014a        0     1                 
8020014a 8020014a        0     1                 
80200154 80200154        0     1                 
80200154 80200154        0     1                 
8020015e 8020015e        0     1                 
8020015e 8020015e        0     1                 
80200168 80200168        0     1                 
80200168 80200168        0     1                 
80200172 80200172        0     1                 
80200172 80200172        0     1                 
8020017c 8020017c        0     1                 
8020017c 8020017c        0     1                 
80200186 80200186        0     1                 
80200186 80200186        0     1                 
80200190 80200190        0     1                 
80200190 80200190        0     1                 
8020019a 8020019a        0     1                 
8020019a 8020019a        0     1                 
802001a4 802001a4        0     1                 
802001a4 802001a4        0     1                 
802001ae 802001ae        0     1                 
802001ae 802001ae        0     1                 
802001b8 802001b8        0     1                 
802001b8 802001b8        0     1                 
802001c2 802001c2        0     1                 
802001c2 802001c2        0     1                 
802001cc 802001cc        0     1                 
802001cc 802001cc        0     1                 
802001d6 802001d6        0     1                 
802001d6 802001d6        0     1                 
802001e0 802001e0        0     1                 
802001e0 802001e0        0     1                 
802001ea 802001ea        0     1                 
802001ea 802001ea        0     1                 
802001f4 802001f4        0     1                 
802001f4 802001f4        0     1                 
802001fe 802001fe        0     1                 
802001fe 802001fe        0     1                 
80200208 80200208        0     1                 
80200208 80200208        0     1                 
80200212 80200212        0     1                 
80200212 80200212        0     1                 
8020021c 8020021c        0     1                 
8020021c 8020021c        0     1                 
80200226 80200226        0     1                 
80200226 80200226        0     1                 
80200230 80200230        0     1                 
80200230 80200230        0     1                 
8020023a 8020023a        0     1                 
8020023a 8020023a        0     1                 
80200244 80200244        0     1                 
80200244 80200244        0     1                 
8020024c 8020024c        0     1                 
80200250 80200250        0     1                 
80200250 80200250        0     1                 
80200252 80200252        0     1                 
80200254 80200254        0     1                 
80200258 80200258        0     1                 
80200258 80200258        0     1                 
80200258 80200258      1a6     2         /var/folders/dx/1ls6nd552bsc6ng0p83ftr4w0000gn/T/printf-c7c7aa.o:(.text)
80200258 80200258        0     1                 
80200258 80200258        0     1                 
80200258 80200258        0     1                 
80200258 80200258      1a6     1                 printf
80200286 80200286        0     1                 
802002ae 802002ae        0     1                 .LBB0_1
802002ae 802002ae        0     1                 
802002b2 802002b2        0     1                 .LBB0_2
802002b2 802002b2        0     1                 
802002b4 802002b4        0     1                 .LBB0_3
802002b4 802002b4        0     1                 
802002b8 802002b8        0     1                 
802002c0 802002c0        0     1                 .LBB0_5
802002c0 802002c0        0     1                 
802002c2 802002c2        0     1                 
802002c2 802002c2        0     1                 
802002c4 802002c4        0     1                 
802002c6 802002c6        0     1                 .LBB0_6
802002c6 802002c6        0     1                 
802002ca 802002ca        0     1                 
802002cc 802002cc        0     1                 
802002dc 802002dc        0     1                 
802002dc 802002dc        0     1                 
802002e8 802002e8        0     1                 
802002e8 802002e8        0     1                 
802002ec 802002ec        0     1                 
802002ec 802002ec        0     1                 
802002ee 802002ee        0     1                 
802002f4 802002f4        0     1                 .LBB0_11
802002f4 802002f4        0     1                 
802002f4 802002f4        0     1                 
802002fc 802002fc        0     1                 
802002fc 802002fc        0     1                 
80200306 80200306        0     1                 
80200306 80200306        0     1                 
8020030a 8020030a        0     1                 
8020030a 8020030a        0     1                 
8020030c 8020030c        0     1                 
80200310 80200310        0     1                 
80200312 80200312        0     1                 
80200312 80200312        0     1                 
80200318 80200318        0     1                 
80200318 80200318        0     1                 
8020031a 8020031a        0     1                 
8020031e 8020031e        0     1                 
80200320 80200320        0     1                 
80200320 80200320        0     1                 
80200326 80200326        0     1                 
80200326 80200326        0     1                 
80200328 80200328        0     1                 
8020032c 8020032c        0     1                 
8020032e 8020032e        0     1                 
8020032e 8020032e        0     1                 
80200334 80200334        0     1                 
80200334 80200334        0     1                 
80200336 80200336        0     1                 
8020033a 8020033a        0     1                 
8020033c 8020033c        0     1                 
8020033c 8020033c        0     1                 
80200342 80200342        0     1                 
80200342 80200342        0     1                 
80200344 80200344        0     1                 
80200348 80200348        0     1                 
8020034a 8020034a        0     1                 
8020034a 8020034a        0     1                 
80200350 80200350        0     1                 
80200350 80200350        0     1                 
80200352 80200352        0     1                 
80200356 80200356        0     1                 
80200358 80200358        0     1                 
80200358 80200358        0     1                 
8020035e 8020035e        0     1                 
8020035e 8020035e        0     1                 
80200360 80200360        0     1                 
80200364 80200364        0     1                 
80200366 80200366        0     1                 
80200366 80200366        0     1                 
80200368 80200368        0     1                 
80200368 80200368        0     1                 
8020036a 8020036a        0     1                 
8020036e 8020036e        0     1                 
8020036e 8020036e        0     1                 
80200370 80200370        0     1                 
80200370 80200370        0     1                 
80200372 80200372        0     1                 
80200374 80200374        0     1                 .LBB0_14
80200374 80200374        0     1                 
80200374 80200374        0     1                 
8020037e 8020037e        0     1                 
8020037e 8020037e        0     1                 
80200382 80200382        0     1                 
80200388 80200388        0     1                 
80200388 80200388        0     1                 .LBB0_16
80200388 80200388        0     1                 
8020038e 8020038e        0     1                 
8020038e 8020038e        0     1                 
80200392 80200392        0     1                 
80200394 80200394        0     1                 
80200398 80200398        0     1                 .LBB0_17
80200398 80200398        0     1                 
80200398 80200398        0     1                 
8020039e 8020039e        0     1                 
8020039e 8020039e        0     1                 
802003a2 802003a2        0     1                 
802003a2 802003a2        0     1                 
802003a4 802003a4        0     1                 
802003a8 802003a8        0     1                 .LBB0_18
802003a8 802003a8        0     1                 
802003aa 802003aa        0     1                 
802003aa 802003aa        0     1                 .LBB0_19
802003aa 802003aa        0     1                 
802003ae 802003ae        0     1                 
802003b2 802003b2        0     1                 
802003b6 802003b6        0     1                 .LBB0_20
802003b6 802003b6        0     1                 
802003b6 802003b6        0     1                 
802003b8 802003b8        0     1                 
802003b8 802003b8        0     1                 
802003bc 802003bc        0     1                 
802003c0 802003c0        0     1                 
802003c6 802003c6        0     1                 
802003c6 802003c6        0     1                 
802003d4 802003d4        0     1                 
802003d4 802003d4        0     1                 
802003da 802003da        0     1                 .LBB0_21
802003da 802003da        0     1                 
802003da 802003da        0     1                 
802003e0 802003e0        0     1                 .LBB0_22
802003e0 802003e0        0     1                 
802003e0 802003e0        0     1                 
802003e4 802003e4        0     1                 
802003fa 802003fa        0     1                 
802003fe 802003fe        0     1                 
802003fe 802003fe        0     1                 
802003fe 802003fe       24     2         /var/folders/dx/1ls6nd552bsc6ng0p83ftr4w0000gn/T/strcp-4287e8.o:(.text)
802003fe 802003fe        0     1                 
802003fe 802003fe        0     1                 
802003fe 802003fe        0     1                 
802003fe 802003fe       24     1                 strcpy
80200404 80200404        0     1                 
80200408 80200408        0     1                 
80200408 80200408        0     1                 
8020040a 8020040a        0     1                 
8020040a 8020040a        0     1                 .LBB0_2
8020040a 8020040a        0     1                 
8020040e 8020040e        0     1                 
80200412 80200412        0     1                 
80200416 80200416        0     1                 
80200416 80200416        0     1                 
80200418 80200418        0     1                 
80200418 80200418        0     1                 
8020041a 8020041a        0     1                 
8020041c 8020041c        0     1                 .LBB0_3
8020041c 8020041c        0     1                 
8020041c 8020041c        0     1                 
80200420 80200420        0     1                 
80200422 80200422        0     1                 
80200422 80200422        0     1                 
80200422 80200422       14     2         /var/folders/dx/1ls6nd552bsc6ng0p83ftr4w0000gn/T/memset-eea141.o:(.text)
80200422 80200422        0     1                 
80200422 80200422        0     1                 
80200422 80200422        0     1                 
80200422 80200422       14     1                 memset
80200424 80200424        0     1                 
80200426 80200426        0     1                 
80200426 80200426        0     1                 .LBB0_2
80200426 80200426        0     1                 
80200428 80200428        0     1                 
8020042c 8020042c        0     1                 
8020042c 8020042c        0     1                 
80200430 80200430        0     1                 
80200430 80200430        0     1                 
80200432 80200432        0     1                 
80200432 80200432        0     1                 
80200434 80200434        0     1                 .LBB0_3
80200434 80200434        0     1                 
80200434 80200434        0     1                 
80200436 80200436        0     1                 
80200436 80200436        0     1                 
80200436 80200436       1a     2         /var/folders/dx/1ls6nd552bsc6ng0p83ftr4w0000gn/T/memcpy-389ed5.o:(.text)
80200436 80200436        0     1                 
80200436 80200436        0     1                 
80200436 80200436        0     1                 
80200436 80200436       1a     1                 memcpy
80200438 80200438        0     1                 
8020043a 8020043a        0     1                 
8020043a 8020043a        0     1                 .LBB0_2
8020043a 8020043a        0     1                 
8020043e 8020043e        0     1                 
80200440 80200440        0     1                 
80200442 80200442        0     1                 
80200446 80200446        0     1                 
80200446 80200446        0     1                 
8020044a 8020044a        0     1                 
8020044a 8020044a        0     1                 
8020044c 8020044c        0     1                 
8020044c 8020044c        0     1                 
8020044e 8020044e        0     1                 .LBB0_3
8020044e 8020044e        0     1                 
8020044e 8020044e        0     1                 
80200450 80200450        0     1                 
80200450 80200450        0     1                 
80200450 80200450       38     2         /var/folders/dx/1ls6nd552bsc6ng0p83ftr4w0000gn/T/strlcpy-175453.o:(.text)
80200450 80200450        0     1                 
80200450 80200450        0     1                 
80200450 80200450        0     1                 
80200450 80200450       38     1                 strlcpy
80200452 80200452        0     1                 
80200454 80200454        0     1                 
80200456 80200456        0     1                 
80200456 80200456        0     1                 
80200458 80200458        0     1                 
80200458 80200458        0     1                 .LBB0_2
80200458 80200458        0     1                 
8020045a 8020045a        0     1                 
8020045e 8020045e        0     1                 
80200462 80200462        0     1                 
80200462 80200462        0     1                 
80200466 80200466        0     1                 
80200468 80200468        0     1                 
8020046a 8020046a        0     1                 
8020046a 8020046a        0     1                 
8020046c 8020046c        0     1                 
80200470 80200470        0     1                 .LBB0_4
80200470 80200470        0     1                 
80200470 80200470        0     1                 
80200474 80200474        0     1                 .LBB0_5
80200474 80200474        0     1                 
80200474 80200474        0     1                 
80200478 80200478        0     1                 
8020047c 8020047c        0     1                 
8020047c 8020047c        0     1                 
8020047e 8020047e        0     1                 
80200480 80200480        0     1                 .LBB0_6
80200480 80200480        0     1                 
80200486 80200486        0     1                 
80200488 80200488        0     1                 
80200488 80200488        0     1                 
80200488 80200488       36     2         /var/folders/dx/1ls6nd552bsc6ng0p83ftr4w0000gn/T/strcmp-49308e.o:(.text)
80200488 80200488        0     1                 
80200488 80200488        0     1                 
80200488 80200488        0     1                 
80200488 80200488       36     1                 strcmp
8020048c 8020048c        0     1                 
8020048e 8020048e        0     1                 
80200490 80200490        0     1                 
80200490 80200490        0     1                 .LBB0_2
80200490 80200490        0     1                 
80200494 80200494        0     1                 
802004a2 802004a2        0     1                 
802004a6 802004a6        0     1                 
802004a6 802004a6        0     1                 
802004aa 802004aa        0     1                 
802004ac 802004ac        0     1                 
802004ae 802004ae        0     1                 
802004b0 802004b0        0     1                 .LBB0_4
802004b0 802004b0        0     1                 
802004b4 802004b4        0     1                 
802004b8 802004b8        0     1                 
802004b8 802004b8        0     1                 
802004bc 802004bc        0     1                 
802004be 802004be        0     1                 
802004be 802004be        0     1                 
802004c0 802004c0      e33     4 .rodata
802004c0 802004c0      e33     1         <internal>:(.rodata.str1.1)
802012f4 802012f4        0     4 .bss
802012f4 802012f4        0     1         __bss = .
802012f4 802012f4        0     1         __bss_end = .
802012f4 802012f4        0     1 . = ALIGN ( 4 )
802012f4 802012f4    20000     1 . += 128 * 1024
802212f4 802212f4        0     1 __stack_top = .
802212f4 802212f4      d0c     1 . = ALIGN ( 4096 )
80222000 80222000        0     1 __free_ram = .
80222000 80222000  4000000     1 . += 64 * 1024 * 1024
84222000 84222000        0     1 __free_ram_end = .
       0        0      46c     1 .debug_loc
       0        0       f5     1         /var/folders/dx/1ls6nd552bsc6ng0p83ftr4w0000gn/T/kernel-6d80e1.o:(.debug_loc)
       0        0        0     1                 
      1b       1b        0     1                 
      36       36        0     1                 
      51       51        0     1                 
      6e       6e        0     1                 
      89       89        0     1                 
      a4       a4        0     1                 
      bf       bf        0     1                 
      da       da        0     1                 
      f5       f5      19a     1         /var/folders/dx/1ls6nd552bsc6ng0p83ftr4w0000gn/T/printf-c7c7aa.o:(.debug_loc)
      f5       f5        0     1                 
     113      113        0     1                 
     131      131        0     1                 
     174      174        0     1                 
     1f1      1f1        0     1                 
     204      204        0     1                 
     264      264        0     1                 
     28f      28f       47     1         /var/folders/dx/1ls6nd552bsc6ng0p83ftr4w0000gn/T/strcp-4287e8.o:(.debug_loc)
     28f      28f        0     1                 
     2ad      2ad        0     1                 
     2d6      2d6       61     1         /var/folders/dx/1ls6nd552bsc6ng0p83ftr4w0000gn/T/memset-eea141.o:(.debug_loc)
     2d6      2d6        0     1                 
     30a      30a        0     1                 
     337      337       74     1         /var/folders/dx/1ls6nd552bsc6ng0p83ftr4w0000gn/T/memcpy-389ed5.o:(.debug_loc)
     337      337        0     1                 
     34a      34a        0     1                 
     37e      37e        0     1                 
     3ab      3ab       83     1         /var/folders/dx/1ls6nd552bsc6ng0p83ftr4w0000gn/T/strlcpy-175453.o:(.debug_loc)
     3ab      3ab        0     1                 
     3be      3be        0     1                 
     3fd      3fd        0     1                 
     410      410        0     1                 
     42e      42e       3e     1         /var/folders/dx/1ls6nd552bsc6ng0p83ftr4w0000gn/T/strcmp-49308e.o:(.debug_loc)
     42e      42e        0     1                 
     459      459        0     1                 
       0        0      511     1 .debug_abbrev
       0        0      1c0     1         /var/folders/dx/1ls6nd552bsc6ng0p83ftr4w0000gn/T/kernel-6d80e1.o:(.debug_abbrev)
     1c0      1c0       ed     1         /var/folders/dx/1ls6nd552bsc6ng0p83ftr4w0000gn/T/printf-c7c7aa.o:(.debug_abbrev)
     2ad      2ad       74     1         /var/folders/dx/1ls6nd552bsc6ng0p83ftr4w0000gn/T/strcp-4287e8.o:(.debug_abbrev)
     321      321       7f     1         /var/folders/dx/1ls6nd552bsc6ng0p83ftr4w0000gn/T/memset-eea141.o:(.debug_abbrev)
     3a0      3a0       9a     1         /var/folders/dx/1ls6nd552bsc6ng0p83ftr4w0000gn/T/memcpy-389ed5.o:(.debug_abbrev)
     43a      43a       81     1         /var/folders/dx/1ls6nd552bsc6ng0p83ftr4w0000gn/T/strlcpy-175453.o:(.debug_abbrev)
     4bb      4bb       56     1         /var/folders/dx/1ls6nd552bsc6ng0p83ftr4w0000gn/T/strcmp-49308e.o:(.debug_abbrev)
       0        0      dc6     1 .debug_info
       0        0      8e3     1         /var/folders/dx/1ls6nd552bsc6ng0p83ftr4w0000gn/T/kernel-6d80e1.o:(.debug_info)
     8e3      8e3      1b3     1         /var/folders/dx/1ls6nd552bsc6ng0p83ftr4w0000gn/T/printf-c7c7aa.o:(.debug_info)
     a96      a96       7e     1         /var/folders/dx/1ls6nd552bsc6ng0p83ftr4w0000gn/T/strcp-4287e8.o:(.debug_info)
     b14      b14       b1     1         /var/folders/dx/1ls6nd552bsc6ng0p83ftr4w0000gn/T/memset-eea141.o:(.debug_info)
     bc5      bc5       c9     1         /var/folders/dx/1ls6nd552bsc6ng0p83ftr4w0000gn/T/memcpy-389ed5.o:(.debug_info)
     c8e      c8e       b9     1         /var/folders/dx/1ls6nd552bsc6ng0p83ftr4w0000gn/T/strlcpy-175453.o:(.debug_info)
     d47      d47       7f     1         /var/folders/dx/1ls6nd552bsc6ng0p83ftr4w0000gn/T/strcmp-49308e.o:(.debug_info)
       0        0       30     1 .debug_ranges
       0        0       18     1         /var/folders/dx/1ls6nd552bsc6ng0p83ftr4w0000gn/T/kernel-6d80e1.o:(.debug_ranges)
       0        0        0     1                 
      18       18       18     1         /var/folders/dx/1ls6nd552bsc6ng0p83ftr4w0000gn/T/printf-c7c7aa.o:(.debug_ranges)
      18       18        0     1                 
       0        0      2f8     1 .debug_str
       0        0      2f8     1         <internal>:(.debug_str)
       0        0       3b     1 .comment
       0        0       3b     1         <internal>:(.comment)
       0        0       2b     1 .riscv.attributes
       0        0       2b     1         <internal>:(.riscv.attributes)
       0        0      17c     4 .debug_frame
       0        0       84     4         /var/folders/dx/1ls6nd552bsc6ng0p83ftr4w0000gn/T/kernel-6d80e1.o:(.debug_frame)
       0        0        0     1                 
      84       84       44     4         /var/folders/dx/1ls6nd552bsc6ng0p83ftr4w0000gn/T/printf-c7c7aa.o:(.debug_frame)
      84       84        0     1                 
      c8       c8       24     4         /var/folders/dx/1ls6nd552bsc6ng0p83ftr4w0000gn/T/strcp-4287e8.o:(.debug_frame)
      c8       c8        0     1                 
      ec       ec       24     4         /var/folders/dx/1ls6nd552bsc6ng0p83ftr4w0000gn/T/memset-eea141.o:(.debug_frame)
      ec       ec        0     1                 
     110      110       24     4         /var/folders/dx/1ls6nd552bsc6ng0p83ftr4w0000gn/T/memcpy-389ed5.o:(.debug_frame)
     110      110        0     1                 
     134      134       24     4         /var/folders/dx/1ls6nd552bsc6ng0p83ftr4w0000gn/T/strlcpy-175453.o:(.debug_frame)
     134      134        0     1                 
     158      158       24     4         /var/folders/dx/1ls6nd552bsc6ng0p83ftr4w0000gn/T/strcmp-49308e.o:(.debug_frame)
     158      158        0     1                 
       0        0      979     1 .debug_line
       0        0      28c     1         /var/folders/dx/1ls6nd552bsc6ng0p83ftr4w0000gn/T/kernel-6d80e1.o:(.debug_line)
       0        0        0     1                 .Lline_table_start0
     28c      28c      289     1         /var/folders/dx/1ls6nd552bsc6ng0p83ftr4w0000gn/T/printf-c7c7aa.o:(.debug_line)
     28c      28c        0     1                 .Lline_table_start0
     515      515       9a     1         /var/folders/dx/1ls6nd552bsc6ng0p83ftr4w0000gn/T/strcp-4287e8.o:(.debug_line)
     515      515        0     1                 .Lline_table_start0
     5af      5af       e8     1         /var/folders/dx/1ls6nd552bsc6ng0p83ftr4w0000gn/T/memset-eea141.o:(.debug_line)
     5af      5af        0     1                 .Lline_table_start0
     697      697       f8     1         /var/folders/dx/1ls6nd552bsc6ng0p83ftr4w0000gn/T/memcpy-389ed5.o:(.debug_line)
     697      697        0     1                 .Lline_table_start0
     78f      78f      13c     1         /var/folders/dx/1ls6nd552bsc6ng0p83ftr4w0000gn/T/strlcpy-175453.o:(.debug_line)
     78f      78f        0     1                 .Lline_table_start0
     8cb      8cb       ae     1         /var/folders/dx/1ls6nd552bsc6ng0p83ftr4w0000gn/T/strcmp-49308e.o:(.debug_line)
     8cb      8cb        0     1                 .Lline_table_start0
       0        0     2260     4 .symtab
       0        0     2260     4         <internal>:(.symtab)
       0        0       a0     1 .shstrtab
       0        0       a0     1         <internal>:(.shstrtab)
       0        0       dc     1 .strtab
       0        0       dc     1         <internal>:(.strtab)
